2024-12-26 22:33:52,158 - INFO - Note: NumExpr detected 24 cores but "NUMEXPR_MAX_THREADS" not set, so enforcing safe limit of 8.
2024-12-26 22:33:52,158 - INFO - NumExpr defaulting to 8 threads.
2024-12-26 22:34:40,486 - INFO - Distillation Epoch: 1
2024-12-26 22:34:42,735 - INFO - Epoch: 1 | Train Loss: 0.7727545291185379 | CE Loss: 1.576410359144211 | Distill Loss: 5.682330322265625
2024-12-26 22:34:42,787 - INFO - Cosine Similarity: 0.04520912040024996, Variance: 3.830629348754883
2024-12-26 22:34:42,787 - INFO - Distillation Epoch: 2
2024-12-26 22:34:44,885 - INFO - Epoch: 2 | Train Loss: 0.7524891018867492 | CE Loss: 1.4566096842288971 | Distill Loss: 5.728851413726806
2024-12-26 22:34:44,919 - INFO - Cosine Similarity: 0.030317023769021033, Variance: 7.1000657081604
2024-12-26 22:34:44,919 - INFO - Distillation Epoch: 3
2024-12-26 22:34:47,035 - INFO - Epoch: 3 | Train Loss: 0.7466078132390976 | CE Loss: 1.4139452755451203 | Distill Loss: 5.76218478679657
2024-12-26 22:34:47,077 - INFO - Cosine Similarity: -0.022189389262348414, Variance: 10.56028938293457
2024-12-26 22:34:47,077 - INFO - Distillation Epoch: 4
2024-12-26 22:34:49,185 - INFO - Epoch: 4 | Train Loss: 0.7427223503589631 | CE Loss: 1.3824778079986573 | Distill Loss: 5.7922648906707765
2024-12-26 22:34:49,219 - INFO - Cosine Similarity: 0.023055133875459433, Variance: 14.044407844543457
2024-12-26 22:34:49,219 - INFO - Distillation Epoch: 5
2024-12-26 22:34:51,368 - INFO - Epoch: 5 | Train Loss: 0.7405579417943955 | CE Loss: 1.372007179260254 | Distill Loss: 5.791285419464112
2024-12-26 22:34:51,405 - INFO - Cosine Similarity: 0.037877099588513374, Variance: 17.546756744384766
2024-12-26 22:34:51,405 - INFO - Distillation Epoch: 6
2024-12-26 22:34:53,519 - INFO - Epoch: 6 | Train Loss: 0.7378857761621476 | CE Loss: 1.3481998980045318 | Distill Loss: 5.817885875701904
2024-12-26 22:34:53,552 - INFO - Cosine Similarity: 0.013498480804264546, Variance: 21.062334060668945
2024-12-26 22:34:53,552 - INFO - Distillation Epoch: 7
2024-12-26 22:34:55,677 - INFO - Epoch: 7 | Train Loss: 0.7360779166221618 | CE Loss: 1.3364585876464843 | Distill Loss: 5.8242278575897215
2024-12-26 22:34:55,702 - INFO - Cosine Similarity: 0.013600606052204967, Variance: 24.584575653076172
2024-12-26 22:34:55,702 - INFO - Distillation Epoch: 8
2024-12-26 22:34:57,819 - INFO - Epoch: 8 | Train Loss: 0.7344331473112107 | CE Loss: 1.3201971411705018 | Distill Loss: 5.8442384719848635
2024-12-26 22:34:57,861 - INFO - Cosine Similarity: -0.03412087205797434, Variance: 28.12209701538086
2024-12-26 22:34:57,861 - INFO - Distillation Epoch: 9
2024-12-26 22:35:00,007 - INFO - Epoch: 9 | Train Loss: 0.7333537578582764 | CE Loss: 1.3140112996101379 | Distill Loss: 5.8464470386505125
2024-12-26 22:35:00,037 - INFO - Cosine Similarity: 0.008413757383823394, Variance: 31.63446617126465
2024-12-26 22:35:00,037 - INFO - Distillation Epoch: 10
2024-12-26 22:35:02,160 - INFO - Epoch: 10 | Train Loss: 0.7318787962198258 | CE Loss: 1.2996917068958282 | Distill Loss: 5.863661503791809
2024-12-26 22:35:02,196 - INFO - Cosine Similarity: -0.04993701949715614, Variance: 35.171607971191406
2024-12-26 22:35:48,269 - INFO - Distillation Epoch: 1
2024-12-26 22:35:50,353 - INFO - Epoch: 1 | Train Loss: 0.7988315373659134 | CE Loss: 1.7880902111530304 | Distill Loss: 5.468269562721252
2024-12-26 22:35:50,383 - INFO - Cosine Similarity: 0.01379347536712885, Variance: 3.099601984024048
2024-12-26 22:35:50,383 - INFO - Distillation Epoch: 2
2024-12-26 22:35:52,475 - INFO - Epoch: 2 | Train Loss: 0.7816657215356827 | CE Loss: 1.6906336903572083 | Distill Loss: 5.498082399368286
2024-12-26 22:35:52,505 - INFO - Cosine Similarity: 0.021865729615092276, Variance: 6.096052646636963
2024-12-26 22:35:52,505 - INFO - Distillation Epoch: 3
2024-12-26 22:35:54,596 - INFO - Epoch: 3 | Train Loss: 0.7745895147323608 | CE Loss: 1.642223632335663 | Distill Loss: 5.5305410861969
2024-12-26 22:35:54,629 - INFO - Cosine Similarity: -0.0002578446641564369, Variance: 9.237031936645508
2024-12-26 22:35:54,629 - INFO - Distillation Epoch: 4
2024-12-26 22:35:56,719 - INFO - Epoch: 4 | Train Loss: 0.7700682550668716 | CE Loss: 1.6079105615615845 | Distill Loss: 5.5598533868789675
2024-12-26 22:35:56,758 - INFO - Cosine Similarity: -0.04983258508145809, Variance: 12.411336898803711
2024-12-26 22:35:56,758 - INFO - Distillation Epoch: 5
2024-12-26 22:35:58,841 - INFO - Epoch: 5 | Train Loss: 0.7669869422912597 | CE Loss: 1.5750311255455016 | Distill Loss: 5.60353798866272
2024-12-26 22:35:58,877 - INFO - Cosine Similarity: 0.058428161591291425, Variance: 15.546651840209961
2024-12-26 22:35:58,877 - INFO - Distillation Epoch: 6
2024-12-26 22:36:00,968 - INFO - Epoch: 6 | Train Loss: 0.7636799424886703 | CE Loss: 1.5482144951820374 | Distill Loss: 5.629135584831237
2024-12-26 22:36:01,003 - INFO - Cosine Similarity: -0.023471256345510484, Variance: 18.74691390991211
2024-12-26 22:36:01,003 - INFO - Distillation Epoch: 7
2024-12-26 22:36:03,098 - INFO - Epoch: 7 | Train Loss: 0.7627178221940994 | CE Loss: 1.536670583486557 | Distill Loss: 5.646284484863282
2024-12-26 22:36:03,134 - INFO - Cosine Similarity: -0.0027319110929965975, Variance: 21.9222354888916
2024-12-26 22:36:03,134 - INFO - Distillation Epoch: 8
2024-12-26 22:36:05,224 - INFO - Epoch: 8 | Train Loss: 0.7596321612596512 | CE Loss: 1.5179173469543457 | Distill Loss: 5.654320955276489
2024-12-26 22:36:05,263 - INFO - Cosine Similarity: 0.003055752534419298, Variance: 25.108736038208008
2024-12-26 22:36:05,263 - INFO - Distillation Epoch: 9
2024-12-26 22:36:07,349 - INFO - Epoch: 9 | Train Loss: 0.7573416978120804 | CE Loss: 1.495128571987152 | Distill Loss: 5.682998275756836
2024-12-26 22:36:07,378 - INFO - Cosine Similarity: 0.017417482379823924, Variance: 28.292316436767578
2024-12-26 22:36:07,378 - INFO - Distillation Epoch: 10
2024-12-26 22:36:09,470 - INFO - Epoch: 10 | Train Loss: 0.7563528120517731 | CE Loss: 1.4814971446990968 | Distill Loss: 5.704450488090515
2024-12-26 22:36:09,503 - INFO - Cosine Similarity: 0.005461040604859591, Variance: 31.48486328125
2024-12-26 22:36:55,383 - INFO - Distillation Epoch: 1
2024-12-26 22:36:57,503 - INFO - Epoch: 1 | Train Loss: 0.7034819960594177 | CE Loss: 1.1960540056228637 | Distill Loss: 5.770833444595337
2024-12-26 22:36:57,537 - INFO - Cosine Similarity: 0.050676798820495604, Variance: 3.6924941539764404
2024-12-26 22:36:57,537 - INFO - Distillation Epoch: 2
2024-12-26 22:36:59,686 - INFO - Epoch: 2 | Train Loss: 0.6828802317380905 | CE Loss: 1.110317099094391 | Distill Loss: 5.727625489234924
2024-12-26 22:36:59,719 - INFO - Cosine Similarity: 0.06352574620395898, Variance: 6.851937770843506
2024-12-26 22:36:59,719 - INFO - Distillation Epoch: 3
2024-12-26 22:37:01,886 - INFO - Epoch: 3 | Train Loss: 0.6755220144987106 | CE Loss: 1.0640661060810088 | Distill Loss: 5.750842547416687
2024-12-26 22:37:01,930 - INFO - Cosine Similarity: -0.028876853361725806, Variance: 10.264822006225586
2024-12-26 22:37:01,930 - INFO - Distillation Epoch: 4
2024-12-26 22:37:04,115 - INFO - Epoch: 4 | Train Loss: 0.673993644118309 | CE Loss: 1.050484612584114 | Distill Loss: 5.765726232528687
2024-12-26 22:37:04,136 - INFO - Cosine Similarity: 0.010189578123390674, Variance: 13.680346488952637
2024-12-26 22:37:04,136 - INFO - Distillation Epoch: 5
2024-12-26 22:37:06,320 - INFO - Epoch: 5 | Train Loss: 0.6713119208812713 | CE Loss: 1.0359570056200027 | Distill Loss: 5.76841356754303
2024-12-26 22:37:06,362 - INFO - Cosine Similarity: -0.01278927195817232, Variance: 17.16470718383789
2024-12-26 22:37:06,362 - INFO - Distillation Epoch: 6
2024-12-26 22:37:08,562 - INFO - Epoch: 6 | Train Loss: 0.668675422668457 | CE Loss: 1.0188306778669358 | Distill Loss: 5.779026579856873
2024-12-26 22:37:08,598 - INFO - Cosine Similarity: 0.03554178792983294, Variance: 20.62566375732422
2024-12-26 22:37:08,598 - INFO - Distillation Epoch: 7
2024-12-26 22:37:10,777 - INFO - Epoch: 7 | Train Loss: 0.6683074802160263 | CE Loss: 1.0077352285385133 | Distill Loss: 5.801543188095093
2024-12-26 22:37:10,809 - INFO - Cosine Similarity: -0.03871605880558491, Variance: 24.156251907348633
2024-12-26 22:37:10,809 - INFO - Distillation Epoch: 8
2024-12-26 22:37:12,936 - INFO - Epoch: 8 | Train Loss: 0.6658930331468582 | CE Loss: 0.9997565120458602 | Distill Loss: 5.791721343994141
2024-12-26 22:37:13,009 - INFO - Cosine Similarity: -0.027146697603166105, Variance: 27.64157485961914
2024-12-26 22:37:13,009 - INFO - Distillation Epoch: 9
2024-12-26 22:37:15,116 - INFO - Epoch: 9 | Train Loss: 0.6659823685884476 | CE Loss: 0.9909875214099884 | Distill Loss: 5.814559674263
2024-12-26 22:37:15,154 - INFO - Cosine Similarity: 0.010435596853494645, Variance: 31.12628746032715
2024-12-26 22:37:15,154 - INFO - Distillation Epoch: 10
2024-12-26 22:37:17,270 - INFO - Epoch: 10 | Train Loss: 0.6658349484205246 | CE Loss: 0.983288586139679 | Distill Loss: 5.831739687919617
2024-12-26 22:37:17,302 - INFO - Cosine Similarity: 0.0012088362127542496, Variance: 34.641075134277344
2024-12-26 22:38:41,954 - INFO - Distillation Epoch: 1
2024-12-26 22:38:44,771 - INFO - Epoch: 1 | Train Loss: 0.7348260462284089 | CE Loss: 1.1760515213012694 | Distill Loss: 6.2283055782318115
2024-12-26 22:38:44,852 - INFO - Cosine Similarity: -0.11605607867240905, Variance: 4.096480369567871
2024-12-26 22:38:44,852 - INFO - Distillation Epoch: 2
2024-12-26 22:38:46,974 - INFO - Epoch: 2 | Train Loss: 0.7117772042751312 | CE Loss: 1.0920400261878966 | Distill Loss: 6.150518631935119
2024-12-26 22:38:47,007 - INFO - Cosine Similarity: 0.08175963759422303, Variance: 7.586048126220703
2024-12-26 22:38:47,007 - INFO - Distillation Epoch: 3
2024-12-26 22:38:49,099 - INFO - Epoch: 3 | Train Loss: 0.7061207562685012 | CE Loss: 1.0558996587991714 | Distill Loss: 6.171023535728454
2024-12-26 22:38:49,120 - INFO - Cosine Similarity: 0.03351909560151398, Variance: 11.348994255065918
2024-12-26 22:38:49,120 - INFO - Distillation Epoch: 4
2024-12-26 22:38:51,232 - INFO - Epoch: 4 | Train Loss: 0.704831263422966 | CE Loss: 1.0464159309864045 | Distill Loss: 6.1778933763504025
2024-12-26 22:38:51,266 - INFO - Cosine Similarity: -0.06053725704550743, Variance: 15.175250053405762
2024-12-26 22:38:51,266 - INFO - Distillation Epoch: 5
2024-12-26 22:38:53,391 - INFO - Epoch: 5 | Train Loss: 0.7029163509607315 | CE Loss: 1.03734812438488 | Distill Loss: 6.176764297485351
2024-12-26 22:38:53,424 - INFO - Cosine Similarity: -0.07267705947160721, Variance: 19.010517120361328
2024-12-26 22:38:53,424 - INFO - Distillation Epoch: 6
2024-12-26 22:38:55,531 - INFO - Epoch: 6 | Train Loss: 0.7012281477451324 | CE Loss: 1.024248644709587 | Distill Loss: 6.1880769491195675
2024-12-26 22:38:55,564 - INFO - Cosine Similarity: -0.02019430659711361, Variance: 22.81991195678711
2024-12-26 22:38:55,564 - INFO - Distillation Epoch: 7
2024-12-26 22:38:57,658 - INFO - Epoch: 7 | Train Loss: 0.7010571539402009 | CE Loss: 1.0187801897525788 | Distill Loss: 6.1996827840805055
2024-12-26 22:38:57,686 - INFO - Cosine Similarity: 0.006460829824209213, Variance: 26.648067474365234
2024-12-26 22:38:57,686 - INFO - Distillation Epoch: 8
2024-12-26 22:38:59,768 - INFO - Epoch: 8 | Train Loss: 0.7020201116800309 | CE Loss: 1.0180539309978485 | Distill Loss: 6.213655400276184
2024-12-26 22:38:59,809 - INFO - Cosine Similarity: -0.10443287566304207, Variance: 30.5230712890625
2024-12-26 22:38:59,809 - INFO - Distillation Epoch: 9
2024-12-26 22:39:01,915 - INFO - Epoch: 9 | Train Loss: 0.7011428743600845 | CE Loss: 1.017400997877121 | Distill Loss: 6.203953242301941
2024-12-26 22:39:01,936 - INFO - Cosine Similarity: 0.02677192334085703, Variance: 34.31082534790039
2024-12-26 22:39:01,936 - INFO - Distillation Epoch: 10
2024-12-26 22:39:04,036 - INFO - Epoch: 10 | Train Loss: 0.7012548178434372 | CE Loss: 1.0081143498420715 | Distill Loss: 6.22861111164093
2024-12-26 22:39:04,085 - INFO - Cosine Similarity: -0.05484516303986311, Variance: 38.171485900878906
2024-12-26 22:39:53,463 - INFO - Distillation Epoch: 1
2024-12-26 22:39:55,571 - INFO - Epoch: 1 | Train Loss: 0.7347130894660949 | CE Loss: 1.2011352062225342 | Distill Loss: 6.15557382106781
2024-12-26 22:39:55,612 - INFO - Cosine Similarity: 0.051211098209023476, Variance: 4.064682483673096
2024-12-26 22:39:55,612 - INFO - Distillation Epoch: 2
2024-12-26 22:39:57,720 - INFO - Epoch: 2 | Train Loss: 0.7137922763824462 | CE Loss: 1.1296269595623016 | Distill Loss: 6.072349715232849
2024-12-26 22:39:57,755 - INFO - Cosine Similarity: 0.018823621980845927, Variance: 7.712573051452637
2024-12-26 22:39:57,755 - INFO - Distillation Epoch: 3
2024-12-26 22:39:59,869 - INFO - Epoch: 3 | Train Loss: 0.7100572019815445 | CE Loss: 1.0947579085826873 | Distill Loss: 6.113159012794495
2024-12-26 22:39:59,904 - INFO - Cosine Similarity: 0.013927474059164524, Variance: 11.542556762695312
2024-12-26 22:39:59,904 - INFO - Distillation Epoch: 4
2024-12-26 22:40:02,021 - INFO - Epoch: 4 | Train Loss: 0.7058106064796448 | CE Loss: 1.0747935473918915 | Distill Loss: 6.109669733047485
2024-12-26 22:40:02,057 - INFO - Cosine Similarity: 0.0495520306751132, Variance: 15.410888671875
2024-12-26 22:40:02,057 - INFO - Distillation Epoch: 5
2024-12-26 22:40:04,170 - INFO - Epoch: 5 | Train Loss: 0.7044987648725509 | CE Loss: 1.063318318128586 | Distill Loss: 6.122071719169616
2024-12-26 22:40:04,220 - INFO - Cosine Similarity: -0.023352920589968563, Variance: 19.34416389465332
2024-12-26 22:40:04,220 - INFO - Distillation Epoch: 6
2024-12-26 22:40:06,320 - INFO - Epoch: 6 | Train Loss: 0.7037879198789596 | CE Loss: 1.05242762863636 | Distill Loss: 6.140028762817383
2024-12-26 22:40:06,364 - INFO - Cosine Similarity: 0.04722581095993519, Variance: 23.25686264038086
2024-12-26 22:40:06,364 - INFO - Distillation Epoch: 7
2024-12-26 22:40:08,474 - INFO - Epoch: 7 | Train Loss: 0.7019342988729477 | CE Loss: 1.041362029314041 | Distill Loss: 6.14482057094574
2024-12-26 22:40:08,520 - INFO - Cosine Similarity: 0.040217729099094865, Variance: 27.18460464477539
2024-12-26 22:40:08,520 - INFO - Distillation Epoch: 8
2024-12-26 22:40:10,639 - INFO - Epoch: 8 | Train Loss: 0.7008373767137528 | CE Loss: 1.0310750722885131 | Distill Loss: 6.156774520874023
2024-12-26 22:40:10,687 - INFO - Cosine Similarity: -0.03971084095537662, Variance: 31.14731788635254
2024-12-26 22:40:10,687 - INFO - Distillation Epoch: 9
2024-12-26 22:40:12,813 - INFO - Epoch: 9 | Train Loss: 0.699663981795311 | CE Loss: 1.020844855904579 | Distill Loss: 6.167612957954407
2024-12-26 22:40:12,848 - INFO - Cosine Similarity: 0.040335002914071084, Variance: 35.06053924560547
2024-12-26 22:40:12,848 - INFO - Distillation Epoch: 10
2024-12-26 22:40:14,962 - INFO - Epoch: 10 | Train Loss: 0.6992724716663361 | CE Loss: 1.0148584842681885 | Distill Loss: 6.177820801734924
2024-12-26 22:40:15,004 - INFO - Cosine Similarity: 0.03128909459337592, Variance: 38.99947738647461
2024-12-26 22:41:02,462 - INFO - Distillation Epoch: 1
2024-12-26 22:41:04,529 - INFO - Epoch: 1 | Train Loss: 0.7472807347774506 | CE Loss: 1.1535506188869475 | Distill Loss: 6.440070676803589
2024-12-26 22:41:04,561 - INFO - Cosine Similarity: 0.005513398349285126, Variance: 4.307568073272705
2024-12-26 22:41:04,561 - INFO - Distillation Epoch: 2
2024-12-26 22:41:06,668 - INFO - Epoch: 2 | Train Loss: 0.7162114351987838 | CE Loss: 1.0543958753347398 | Distill Loss: 6.300696873664856
2024-12-26 22:41:06,700 - INFO - Cosine Similarity: -0.0181472796946764, Variance: 8.035015106201172
2024-12-26 22:41:06,700 - INFO - Distillation Epoch: 3
2024-12-26 22:41:08,793 - INFO - Epoch: 3 | Train Loss: 0.7115415841341018 | CE Loss: 1.033008524775505 | Distill Loss: 6.29617338180542
2024-12-26 22:41:08,825 - INFO - Cosine Similarity: 0.026485946029424667, Variance: 11.96065902709961
2024-12-26 22:41:08,825 - INFO - Distillation Epoch: 4
2024-12-26 22:41:10,934 - INFO - Epoch: 4 | Train Loss: 0.7099282056093216 | CE Loss: 1.0259067118167877 | Distill Loss: 6.29360601902008
2024-12-26 22:41:10,966 - INFO - Cosine Similarity: -0.021770958509296178, Variance: 15.96943187713623
2024-12-26 22:41:10,966 - INFO - Distillation Epoch: 5
2024-12-26 22:41:13,058 - INFO - Epoch: 5 | Train Loss: 0.7081636309623718 | CE Loss: 1.0140791803598403 | Distill Loss: 6.301060819625855
2024-12-26 22:41:13,122 - INFO - Cosine Similarity: -0.0004100604448467493, Variance: 19.978759765625
2024-12-26 22:41:13,122 - INFO - Distillation Epoch: 6
2024-12-26 22:41:15,217 - INFO - Epoch: 6 | Train Loss: 0.7053516715764999 | CE Loss: 1.0049360424280167 | Distill Loss: 6.288661479949951
2024-12-26 22:41:15,280 - INFO - Cosine Similarity: 0.009065847098827361, Variance: 24.007143020629883
2024-12-26 22:41:15,280 - INFO - Distillation Epoch: 7
2024-12-26 22:41:17,354 - INFO - Epoch: 7 | Train Loss: 0.7060450583696365 | CE Loss: 1.001434975862503 | Distill Loss: 6.306113696098327
2024-12-26 22:41:17,391 - INFO - Cosine Similarity: -0.013175073359161616, Variance: 28.03934097290039
2024-12-26 22:41:17,391 - INFO - Distillation Epoch: 8
2024-12-26 22:41:19,500 - INFO - Epoch: 8 | Train Loss: 0.7049267619848252 | CE Loss: 0.9912856966257095 | Distill Loss: 6.317529702186585
2024-12-26 22:41:19,548 - INFO - Cosine Similarity: -0.009412922151386737, Variance: 32.072364807128906
2024-12-26 22:41:19,548 - INFO - Distillation Epoch: 9
2024-12-26 22:41:21,628 - INFO - Epoch: 9 | Train Loss: 0.7041132301092148 | CE Loss: 0.9824799537658692 | Distill Loss: 6.329100942611694
2024-12-26 22:41:21,675 - INFO - Cosine Similarity: 0.0016468293964862824, Variance: 36.11515426635742
2024-12-26 22:41:21,675 - INFO - Distillation Epoch: 10
2024-12-26 22:41:23,772 - INFO - Epoch: 10 | Train Loss: 0.7026778489351273 | CE Loss: 0.9806141495704651 | Distill Loss: 6.316090822219849
2024-12-26 22:41:23,819 - INFO - Cosine Similarity: 0.020636687334626914, Variance: 40.142303466796875
2024-12-26 22:42:09,384 - INFO - Distillation Epoch: 1
2024-12-26 22:42:11,463 - INFO - Epoch: 1 | Train Loss: 0.7253058612346649 | CE Loss: 1.0954655081033706 | Distill Loss: 6.2977217674255375
2024-12-26 22:42:11,511 - INFO - Cosine Similarity: -0.06972179226577283, Variance: 4.468906402587891
2024-12-26 22:42:11,511 - INFO - Distillation Epoch: 2
2024-12-26 22:42:13,613 - INFO - Epoch: 2 | Train Loss: 0.7056581109762192 | CE Loss: 1.0359418749809266 | Distill Loss: 6.200751638412475
2024-12-26 22:42:13,650 - INFO - Cosine Similarity: 0.058914252743124965, Variance: 8.18959903717041
2024-12-26 22:42:13,650 - INFO - Distillation Epoch: 3
2024-12-26 22:42:15,713 - INFO - Epoch: 3 | Train Loss: 0.7006952583789825 | CE Loss: 1.00981325507164 | Distill Loss: 6.203578519821167
2024-12-26 22:42:15,776 - INFO - Cosine Similarity: -0.056408800184726715, Variance: 12.235067367553711
2024-12-26 22:42:15,776 - INFO - Distillation Epoch: 4
2024-12-26 22:42:17,856 - INFO - Epoch: 4 | Train Loss: 0.6992709428071976 | CE Loss: 1.0027180373668672 | Distill Loss: 6.203753995895386
2024-12-26 22:42:17,920 - INFO - Cosine Similarity: 4.092790186405182e-06, Variance: 16.240711212158203
2024-12-26 22:42:17,920 - INFO - Distillation Epoch: 5
2024-12-26 22:42:19,998 - INFO - Epoch: 5 | Train Loss: 0.6973911970853806 | CE Loss: 0.9857105940580368 | Distill Loss: 6.222918057441712
2024-12-26 22:42:20,047 - INFO - Cosine Similarity: 0.004996201582252979, Variance: 20.306673049926758
2024-12-26 22:42:20,047 - INFO - Distillation Epoch: 6
2024-12-26 22:42:22,124 - INFO - Epoch: 6 | Train Loss: 0.695831561088562 | CE Loss: 0.9739216893911362 | Distill Loss: 6.233296060562134
2024-12-26 22:42:22,171 - INFO - Cosine Similarity: -0.006075790710747242, Variance: 24.381019592285156
2024-12-26 22:42:22,171 - INFO - Distillation Epoch: 7
2024-12-26 22:42:24,264 - INFO - Epoch: 7 | Train Loss: 0.6932927787303924 | CE Loss: 0.9638676434755326 | Distill Loss: 6.226582360267639
2024-12-26 22:42:24,317 - INFO - Cosine Similarity: -0.008338359743356704, Variance: 28.4665470123291
2024-12-26 22:42:24,317 - INFO - Distillation Epoch: 8
2024-12-26 22:42:26,394 - INFO - Epoch: 8 | Train Loss: 0.6934697240591049 | CE Loss: 0.9636838376522064 | Distill Loss: 6.229022216796875
2024-12-26 22:42:26,441 - INFO - Cosine Similarity: -0.037364880181849004, Variance: 32.557151794433594
2024-12-26 22:42:26,441 - INFO - Distillation Epoch: 9
2024-12-26 22:42:28,536 - INFO - Epoch: 9 | Train Loss: 0.6928419351577759 | CE Loss: 0.9524326413869858 | Distill Loss: 6.249318242073059
2024-12-26 22:42:28,582 - INFO - Cosine Similarity: 0.01580075630918145, Variance: 36.61616897583008
2024-12-26 22:42:28,582 - INFO - Distillation Epoch: 10
2024-12-26 22:42:30,659 - INFO - Epoch: 10 | Train Loss: 0.6938566505908966 | CE Loss: 0.9538466662168503 | Distill Loss: 6.258158326148987
2024-12-26 22:42:30,722 - INFO - Cosine Similarity: -0.005377182364463806, Variance: 40.7094841003418
2024-12-26 22:43:15,608 - INFO - Distillation Epoch: 1
2024-12-26 22:43:17,680 - INFO - Epoch: 1 | Train Loss: 0.7299280434846878 | CE Loss: 0.9490987151861191 | Distill Loss: 6.7407084703445435
2024-12-26 22:43:17,732 - INFO - Cosine Similarity: 0.026164621859788895, Variance: 4.646235466003418
2024-12-26 22:43:17,732 - INFO - Distillation Epoch: 2
2024-12-26 22:43:19,789 - INFO - Epoch: 2 | Train Loss: 0.700720465183258 | CE Loss: 0.865414384007454 | Distill Loss: 6.5873597145080565
2024-12-26 22:43:19,849 - INFO - Cosine Similarity: -0.0009074030444025993, Variance: 8.704259872436523
2024-12-26 22:43:19,849 - INFO - Distillation Epoch: 3
2024-12-26 22:43:21,918 - INFO - Epoch: 3 | Train Loss: 0.6954046785831451 | CE Loss: 0.8482051283121109 | Distill Loss: 6.5643391609191895
2024-12-26 22:43:21,980 - INFO - Cosine Similarity: 0.044873268157243726, Variance: 12.947324752807617
2024-12-26 22:43:21,980 - INFO - Distillation Epoch: 4
2024-12-26 22:43:24,057 - INFO - Epoch: 4 | Train Loss: 0.6944200247526169 | CE Loss: 0.8402371942996979 | Distill Loss: 6.572289681434631
2024-12-26 22:43:24,072 - INFO - Cosine Similarity: 0.03820484634488821, Variance: 17.257366180419922
2024-12-26 22:43:24,072 - INFO - Distillation Epoch: 5
2024-12-26 22:43:26,164 - INFO - Epoch: 5 | Train Loss: 0.6942954123020172 | CE Loss: 0.8434114128351211 | Distill Loss: 6.561969685554504
2024-12-26 22:43:26,212 - INFO - Cosine Similarity: -0.002829411253333092, Variance: 21.59231185913086
2024-12-26 22:43:26,212 - INFO - Distillation Epoch: 6
2024-12-26 22:43:28,306 - INFO - Epoch: 6 | Train Loss: 0.6933738082647324 | CE Loss: 0.8325335085391998 | Distill Loss: 6.5781049728393555
2024-12-26 22:43:28,338 - INFO - Cosine Similarity: 0.017612673714756964, Variance: 25.931793212890625
2024-12-26 22:43:28,338 - INFO - Distillation Epoch: 7
2024-12-26 22:43:30,417 - INFO - Epoch: 7 | Train Loss: 0.6934796005487442 | CE Loss: 0.826554873585701 | Distill Loss: 6.59465639591217
2024-12-26 22:43:30,450 - INFO - Cosine Similarity: -0.011902373982593417, Variance: 30.27981185913086
2024-12-26 22:43:30,450 - INFO - Distillation Epoch: 8
2024-12-26 22:43:32,557 - INFO - Epoch: 8 | Train Loss: 0.6919443607330322 | CE Loss: 0.8225789844989777 | Distill Loss: 6.5854040622711185
2024-12-26 22:43:32,594 - INFO - Cosine Similarity: 0.01865390259772539, Variance: 34.62994384765625
2024-12-26 22:43:32,594 - INFO - Distillation Epoch: 9
2024-12-26 22:43:34,673 - INFO - Epoch: 9 | Train Loss: 0.6911476105451584 | CE Loss: 0.8174180895090103 | Distill Loss: 6.587985467910767
2024-12-26 22:43:34,720 - INFO - Cosine Similarity: -0.04537913352251053, Variance: 38.9934196472168
2024-12-26 22:43:34,720 - INFO - Distillation Epoch: 10
2024-12-26 22:43:36,818 - INFO - Epoch: 10 | Train Loss: 0.6913961380720138 | CE Loss: 0.8233507305383683 | Distill Loss: 6.575908756256103
2024-12-26 22:43:36,879 - INFO - Cosine Similarity: 0.05135367922484875, Variance: 43.31855773925781
2024-12-26 22:44:22,260 - INFO - Distillation Epoch: 1
2024-12-26 22:44:24,361 - INFO - Epoch: 1 | Train Loss: 0.6965572297573089 | CE Loss: 0.9048856973648072 | Distill Loss: 6.425652265548706
2024-12-26 22:44:24,393 - INFO - Cosine Similarity: 0.030461844243109226, Variance: 4.556807041168213
2024-12-26 22:44:24,393 - INFO - Distillation Epoch: 2
2024-12-26 22:44:26,472 - INFO - Epoch: 2 | Train Loss: 0.675815424323082 | CE Loss: 0.8689251869916916 | Distill Loss: 6.255215406417847
2024-12-26 22:44:26,504 - INFO - Cosine Similarity: -0.01943698450922966, Variance: 8.6592378616333
2024-12-26 22:44:26,504 - INFO - Distillation Epoch: 3
2024-12-26 22:44:28,585 - INFO - Epoch: 3 | Train Loss: 0.6706882536411285 | CE Loss: 0.8389352142810822 | Distill Loss: 6.266859650611877
2024-12-26 22:44:28,617 - INFO - Cosine Similarity: -0.04079603534191847, Variance: 12.903958320617676
2024-12-26 22:44:28,617 - INFO - Distillation Epoch: 4
2024-12-26 22:44:30,710 - INFO - Epoch: 4 | Train Loss: 0.6686764866113662 | CE Loss: 0.8287318080663681 | Distill Loss: 6.266716980934143
2024-12-26 22:44:30,742 - INFO - Cosine Similarity: 0.007949188351631165, Variance: 17.17604637145996
2024-12-26 22:44:30,742 - INFO - Distillation Epoch: 5
2024-12-26 22:44:32,839 - INFO - Epoch: 5 | Train Loss: 0.6688932806253434 | CE Loss: 0.8249571204185486 | Distill Loss: 6.279003739356995
2024-12-26 22:44:32,886 - INFO - Cosine Similarity: 0.027601462602615357, Variance: 21.471235275268555
2024-12-26 22:44:32,886 - INFO - Distillation Epoch: 6
2024-12-26 22:44:34,997 - INFO - Epoch: 6 | Train Loss: 0.6667210221290588 | CE Loss: 0.8156939208507538 | Distill Loss: 6.275243902206421
2024-12-26 22:44:35,055 - INFO - Cosine Similarity: 0.040181289054453374, Variance: 25.7834415435791
2024-12-26 22:44:35,055 - INFO - Distillation Epoch: 7
2024-12-26 22:44:37,141 - INFO - Epoch: 7 | Train Loss: 0.6668399780988693 | CE Loss: 0.8134059756994247 | Distill Loss: 6.282064700126648
2024-12-26 22:44:37,172 - INFO - Cosine Similarity: 0.04078043028712273, Variance: 30.10430335998535
2024-12-26 22:44:37,172 - INFO - Distillation Epoch: 8
2024-12-26 22:44:39,267 - INFO - Epoch: 8 | Train Loss: 0.6645222872495651 | CE Loss: 0.7971623450517654 | Distill Loss: 6.294133496284485
2024-12-26 22:44:39,314 - INFO - Cosine Similarity: 0.012399924080818891, Variance: 34.44181823730469
2024-12-26 22:44:39,314 - INFO - Distillation Epoch: 9
2024-12-26 22:44:41,426 - INFO - Epoch: 9 | Train Loss: 0.6656834751367569 | CE Loss: 0.8030554205179214 | Distill Loss: 6.293475461006165
2024-12-26 22:44:41,489 - INFO - Cosine Similarity: -0.07626303099095821, Variance: 38.80125045776367
2024-12-26 22:44:41,489 - INFO - Distillation Epoch: 10
2024-12-26 22:44:43,643 - INFO - Epoch: 10 | Train Loss: 0.6649354577064515 | CE Loss: 0.7952437102794647 | Distill Loss: 6.30418894290924
2024-12-26 22:44:43,674 - INFO - Cosine Similarity: -0.030274239461869003, Variance: 43.11780548095703
2024-12-26 22:45:29,685 - INFO - Distillation Epoch: 1
2024-12-26 22:45:31,769 - INFO - Epoch: 1 | Train Loss: 0.7181777507066727 | CE Loss: 1.0463098406791687 | Distill Loss: 6.348001432418823
2024-12-26 22:45:31,827 - INFO - Cosine Similarity: 0.026978407334536315, Variance: 4.236757755279541
2024-12-26 22:45:31,827 - INFO - Distillation Epoch: 2
2024-12-26 22:45:33,897 - INFO - Epoch: 2 | Train Loss: 0.6950453788042068 | CE Loss: 0.9805947005748749 | Distill Loss: 6.223390722274781
2024-12-26 22:45:33,943 - INFO - Cosine Similarity: 0.005196512304246425, Variance: 8.057516098022461
2024-12-26 22:45:33,943 - INFO - Distillation Epoch: 3
2024-12-26 22:45:36,033 - INFO - Epoch: 3 | Train Loss: 0.6900431275367737 | CE Loss: 0.9584182351827621 | Distill Loss: 6.216340947151184
2024-12-26 22:45:36,065 - INFO - Cosine Similarity: 0.016260183323174714, Variance: 12.021336555480957
2024-12-26 22:45:36,065 - INFO - Distillation Epoch: 4
2024-12-26 22:45:38,162 - INFO - Epoch: 4 | Train Loss: 0.6884774446487427 | CE Loss: 0.9459628492593766 | Distill Loss: 6.227942490577698
2024-12-26 22:45:38,205 - INFO - Cosine Similarity: -0.002752157300710678, Variance: 16.039520263671875
2024-12-26 22:45:38,205 - INFO - Distillation Epoch: 5
2024-12-26 22:45:40,272 - INFO - Epoch: 5 | Train Loss: 0.6877845913171768 | CE Loss: 0.9432392537593841 | Distill Loss: 6.225315976142883
2024-12-26 22:45:40,344 - INFO - Cosine Similarity: 0.020316217094659805, Variance: 20.046398162841797
2024-12-26 22:45:40,344 - INFO - Distillation Epoch: 6
2024-12-26 22:45:42,415 - INFO - Epoch: 6 | Train Loss: 0.6855608493089675 | CE Loss: 0.9234654575586319 | Distill Loss: 6.247156262397766
2024-12-26 22:45:42,463 - INFO - Cosine Similarity: 0.0306223071180284, Variance: 24.07381248474121
2024-12-26 22:45:42,463 - INFO - Distillation Epoch: 7
2024-12-26 22:45:44,539 - INFO - Epoch: 7 | Train Loss: 0.6858180105686188 | CE Loss: 0.920523715019226 | Distill Loss: 6.258156323432923
2024-12-26 22:45:44,571 - INFO - Cosine Similarity: 0.021203479543328286, Variance: 28.114425659179688
2024-12-26 22:45:44,571 - INFO - Distillation Epoch: 8
2024-12-26 22:45:46,647 - INFO - Epoch: 8 | Train Loss: 0.6839011013507843 | CE Loss: 0.9169770330190659 | Distill Loss: 6.2434306144714355
2024-12-26 22:45:46,694 - INFO - Cosine Similarity: 0.03883153535425663, Variance: 32.140377044677734
2024-12-26 22:45:46,694 - INFO - Distillation Epoch: 9
2024-12-26 22:45:48,770 - INFO - Epoch: 9 | Train Loss: 0.6838222831487656 | CE Loss: 0.9089749157428741 | Distill Loss: 6.26159565448761
2024-12-26 22:45:48,802 - INFO - Cosine Similarity: -0.027493381360545754, Variance: 36.220584869384766
2024-12-26 22:45:48,802 - INFO - Distillation Epoch: 10
2024-12-26 22:45:50,879 - INFO - Epoch: 10 | Train Loss: 0.6836434960365295 | CE Loss: 0.9018554866313935 | Distill Loss: 6.277443552017212
2024-12-26 22:45:50,927 - INFO - Cosine Similarity: -0.018069912493228913, Variance: 40.26478576660156
2024-12-26 22:46:38,437 - INFO - Distillation Epoch: 1
2024-12-26 22:46:40,526 - INFO - Epoch: 1 | Train Loss: 0.7000079095363617 | CE Loss: 0.9545801281929016 | Distill Loss: 6.350595021247864
2024-12-26 22:46:40,558 - INFO - Cosine Similarity: -0.032641776278614996, Variance: 4.5831475257873535
2024-12-26 22:46:40,558 - INFO - Distillation Epoch: 2
2024-12-26 22:46:42,657 - INFO - Epoch: 2 | Train Loss: 0.6761097818613052 | CE Loss: 0.8968955039978027 | Distill Loss: 6.195788455009461
2024-12-26 22:46:42,693 - INFO - Cosine Similarity: -0.050695160403847694, Variance: 8.563671112060547
2024-12-26 22:46:42,693 - INFO - Distillation Epoch: 3
2024-12-26 22:46:44,778 - INFO - Epoch: 3 | Train Loss: 0.6693672984838486 | CE Loss: 0.8764743447303772 | Distill Loss: 6.163156867027283
2024-12-26 22:46:44,810 - INFO - Cosine Similarity: -0.020330163091421126, Variance: 12.690544128417969
2024-12-26 22:46:44,810 - INFO - Distillation Epoch: 4
2024-12-26 22:46:46,906 - INFO - Epoch: 4 | Train Loss: 0.6687675058841706 | CE Loss: 0.8632765740156174 | Distill Loss: 6.188811087608338
2024-12-26 22:46:46,943 - INFO - Cosine Similarity: -0.02303388901054859, Variance: 16.896465301513672
2024-12-26 22:46:46,943 - INFO - Distillation Epoch: 5
2024-12-26 22:46:49,032 - INFO - Epoch: 5 | Train Loss: 0.667588621377945 | CE Loss: 0.8640219449996949 | Distill Loss: 6.1720299243927
2024-12-26 22:46:49,063 - INFO - Cosine Similarity: -0.023799883387982845, Variance: 21.08160972595215
2024-12-26 22:46:49,063 - INFO - Distillation Epoch: 6
2024-12-26 22:46:51,186 - INFO - Epoch: 6 | Train Loss: 0.6658633321523666 | CE Loss: 0.8461029231548309 | Distill Loss: 6.195221662521362
2024-12-26 22:46:51,217 - INFO - Cosine Similarity: -0.07227870784699916, Variance: 25.317913055419922
2024-12-26 22:46:51,217 - INFO - Distillation Epoch: 7
2024-12-26 22:46:53,312 - INFO - Epoch: 7 | Train Loss: 0.6675053149461746 | CE Loss: 0.8490279138088226 | Distill Loss: 6.208592128753662
2024-12-26 22:46:53,343 - INFO - Cosine Similarity: 0.011694716662168503, Variance: 29.509449005126953
2024-12-26 22:46:53,343 - INFO - Distillation Epoch: 8
2024-12-26 22:46:55,433 - INFO - Epoch: 8 | Train Loss: 0.6667682230472565 | CE Loss: 0.8439837336540222 | Distill Loss: 6.211338925361633
2024-12-26 22:46:55,464 - INFO - Cosine Similarity: -0.04383044242858887, Variance: 33.758644104003906
2024-12-26 22:46:55,464 - INFO - Distillation Epoch: 9
2024-12-26 22:46:57,582 - INFO - Epoch: 9 | Train Loss: 0.6654075592756271 | CE Loss: 0.8392283290624618 | Distill Loss: 6.206434750556946
2024-12-26 22:46:57,629 - INFO - Cosine Similarity: 0.024817783385515213, Variance: 37.96059036254883
2024-12-26 22:46:57,629 - INFO - Distillation Epoch: 10
2024-12-26 22:46:59,745 - INFO - Epoch: 10 | Train Loss: 0.6643754065036773 | CE Loss: 0.831271967291832 | Distill Loss: 6.213490772247314
2024-12-26 22:46:59,776 - INFO - Cosine Similarity: 0.00026880353689193723, Variance: 42.19820022583008
2024-12-26 22:47:45,872 - INFO - Distillation Epoch: 1
2024-12-26 22:47:47,962 - INFO - Epoch: 1 | Train Loss: 0.6769076645374298 | CE Loss: 0.9812149733304978 | Distill Loss: 5.994868373870849
2024-12-26 22:47:47,998 - INFO - Cosine Similarity: 0.021288369689136742, Variance: 4.2978196144104
2024-12-26 22:47:47,998 - INFO - Distillation Epoch: 2
2024-12-26 22:47:50,077 - INFO - Epoch: 2 | Train Loss: 0.6616899490356445 | CE Loss: 0.9281166106462478 | Distill Loss: 5.938210844993591
2024-12-26 22:47:50,109 - INFO - Cosine Similarity: -0.0012934528291225432, Variance: 8.169290542602539
2024-12-26 22:47:50,109 - INFO - Distillation Epoch: 3
2024-12-26 22:47:52,172 - INFO - Epoch: 3 | Train Loss: 0.6568738609552384 | CE Loss: 0.9051191151142121 | Distill Loss: 5.935292673110962
2024-12-26 22:47:52,204 - INFO - Cosine Similarity: 0.006442931247875094, Variance: 12.1776762008667
2024-12-26 22:47:52,204 - INFO - Distillation Epoch: 4
2024-12-26 22:47:54,297 - INFO - Epoch: 4 | Train Loss: 0.6551293730735779 | CE Loss: 0.8975296467542648 | Distill Loss: 5.932135510444641
2024-12-26 22:47:54,331 - INFO - Cosine Similarity: 0.023548304568976164, Variance: 16.22964859008789
2024-12-26 22:47:54,331 - INFO - Distillation Epoch: 5
2024-12-26 22:47:56,409 - INFO - Epoch: 5 | Train Loss: 0.653697469830513 | CE Loss: 0.8868465036153793 | Distill Loss: 5.940820646286011
2024-12-26 22:47:56,457 - INFO - Cosine Similarity: -0.036020437628030776, Variance: 20.352733612060547
2024-12-26 22:47:56,457 - INFO - Distillation Epoch: 6
2024-12-26 22:47:58,531 - INFO - Epoch: 6 | Train Loss: 0.6529960453510284 | CE Loss: 0.8776821792125702 | Distill Loss: 5.955084443092346
2024-12-26 22:47:58,563 - INFO - Cosine Similarity: -0.01192894484847784, Variance: 24.414167404174805
2024-12-26 22:47:58,563 - INFO - Distillation Epoch: 7
2024-12-26 22:48:00,667 - INFO - Epoch: 7 | Train Loss: 0.6507498532533645 | CE Loss: 0.8685971885919571 | Distill Loss: 5.950134015083313
2024-12-26 22:48:00,688 - INFO - Cosine Similarity: -0.02384994626045227, Variance: 28.503902435302734
2024-12-26 22:48:00,688 - INFO - Distillation Epoch: 8
2024-12-26 22:48:02,797 - INFO - Epoch: 8 | Train Loss: 0.6501153707504272 | CE Loss: 0.8585815906524659 | Distill Loss: 5.9664530754089355
2024-12-26 22:48:02,813 - INFO - Cosine Similarity: -0.013098279759287835, Variance: 32.591129302978516
2024-12-26 22:48:02,813 - INFO - Distillation Epoch: 9
2024-12-26 22:48:04,892 - INFO - Epoch: 9 | Train Loss: 0.6480547308921814 | CE Loss: 0.8497702836990356 | Distill Loss: 5.9633252143859865
2024-12-26 22:48:04,922 - INFO - Cosine Similarity: 0.008414470218122005, Variance: 36.68292999267578
2024-12-26 22:48:04,922 - INFO - Distillation Epoch: 10
2024-12-26 22:48:07,017 - INFO - Epoch: 10 | Train Loss: 0.647845646739006 | CE Loss: 0.8450367093086243 | Distill Loss: 5.972029328346252
2024-12-26 22:48:07,049 - INFO - Cosine Similarity: -0.000974932499229908, Variance: 40.784690856933594
2024-12-26 22:48:52,598 - INFO - Distillation Epoch: 1
2024-12-26 22:48:54,675 - INFO - Epoch: 1 | Train Loss: 0.633779376745224 | CE Loss: 0.7185590773820877 | Distill Loss: 6.134308767318726
2024-12-26 22:48:54,722 - INFO - Cosine Similarity: 0.005202182382345199, Variance: 4.530004978179932
2024-12-26 22:48:54,722 - INFO - Distillation Epoch: 2
2024-12-26 22:48:56,843 - INFO - Epoch: 2 | Train Loss: 0.6193701207637787 | CE Loss: 0.6771520942449569 | Distill Loss: 6.058840703964234
2024-12-26 22:48:56,874 - INFO - Cosine Similarity: 0.0063266118988394736, Variance: 8.53592300415039
2024-12-26 22:48:56,874 - INFO - Distillation Epoch: 3
2024-12-26 22:48:58,961 - INFO - Epoch: 3 | Train Loss: 0.616692653298378 | CE Loss: 0.6657000958919526 | Distill Loss: 6.053348159790039
2024-12-26 22:48:58,983 - INFO - Cosine Similarity: -0.00023394636809825897, Variance: 12.7275390625
2024-12-26 22:48:58,983 - INFO - Distillation Epoch: 4
2024-12-26 22:49:01,124 - INFO - Epoch: 4 | Train Loss: 0.6146598786115647 | CE Loss: 0.6546134561300277 | Distill Loss: 6.05577244758606
2024-12-26 22:49:01,156 - INFO - Cosine Similarity: -0.010212397947907449, Variance: 16.950489044189453
2024-12-26 22:49:01,156 - INFO - Distillation Epoch: 5
2024-12-26 22:49:03,276 - INFO - Epoch: 5 | Train Loss: 0.612848311662674 | CE Loss: 0.6464270770549774 | Distill Loss: 6.053339195251465
2024-12-26 22:49:03,317 - INFO - Cosine Similarity: -0.008795436145737768, Variance: 21.2043514251709
2024-12-26 22:49:03,317 - INFO - Distillation Epoch: 6
2024-12-26 22:49:05,447 - INFO - Epoch: 6 | Train Loss: 0.6123495131731034 | CE Loss: 0.6403194308280945 | Distill Loss: 6.06269793510437
2024-12-26 22:49:05,478 - INFO - Cosine Similarity: -0.004760844819247723, Variance: 25.476593017578125
2024-12-26 22:49:05,478 - INFO - Distillation Epoch: 7
2024-12-26 22:49:07,616 - INFO - Epoch: 7 | Train Loss: 0.6120581686496734 | CE Loss: 0.6357717096805573 | Distill Loss: 6.07011079788208
2024-12-26 22:49:07,648 - INFO - Cosine Similarity: 0.018180401530116796, Variance: 29.743179321289062
2024-12-26 22:49:07,648 - INFO - Distillation Epoch: 8
2024-12-26 22:49:09,740 - INFO - Epoch: 8 | Train Loss: 0.6114499241113662 | CE Loss: 0.6292984426021576 | Distill Loss: 6.07911856174469
2024-12-26 22:49:09,771 - INFO - Cosine Similarity: -0.017781127989292145, Variance: 34.034461975097656
2024-12-26 22:49:09,771 - INFO - Distillation Epoch: 9
2024-12-26 22:49:11,927 - INFO - Epoch: 9 | Train Loss: 0.6108460336923599 | CE Loss: 0.6247664481401444 | Distill Loss: 6.082873153686523
2024-12-26 22:49:11,959 - INFO - Cosine Similarity: 0.013393541425466537, Variance: 38.312156677246094
2024-12-26 22:49:11,959 - INFO - Distillation Epoch: 10
2024-12-26 22:49:14,053 - INFO - Epoch: 10 | Train Loss: 0.6107755601406097 | CE Loss: 0.6261859267950058 | Distill Loss: 6.078039312362671
2024-12-26 22:49:14,101 - INFO - Cosine Similarity: -0.008183765131980181, Variance: 42.622493743896484
2024-12-26 22:49:59,377 - INFO - Distillation Epoch: 1
2024-12-26 22:50:01,457 - INFO - Epoch: 1 | Train Loss: 0.6992344617843628 | CE Loss: 0.8984695702791214 | Distill Loss: 6.48063850402832
2024-12-26 22:50:01,488 - INFO - Cosine Similarity: -0.03704715631902218, Variance: 4.591038703918457
2024-12-26 22:50:01,488 - INFO - Distillation Epoch: 2
2024-12-26 22:50:03,583 - INFO - Epoch: 2 | Train Loss: 0.6820574343204499 | CE Loss: 0.8493004590272903 | Distill Loss: 6.38881299495697
2024-12-26 22:50:03,616 - INFO - Cosine Similarity: 0.03349394341930747, Variance: 8.854228019714355
2024-12-26 22:50:03,616 - INFO - Distillation Epoch: 3
2024-12-26 22:50:05,678 - INFO - Epoch: 3 | Train Loss: 0.679315721988678 | CE Loss: 0.8333369314670562 | Distill Loss: 6.395413017272949
2024-12-26 22:50:05,725 - INFO - Cosine Similarity: 0.026818507723510264, Variance: 13.316253662109375
2024-12-26 22:50:05,725 - INFO - Distillation Epoch: 4
2024-12-26 22:50:07,817 - INFO - Epoch: 4 | Train Loss: 0.6770839393138885 | CE Loss: 0.8255193203687667 | Distill Loss: 6.386157584190369
2024-12-26 22:50:07,871 - INFO - Cosine Similarity: 0.008879011869430542, Variance: 17.828880310058594
2024-12-26 22:50:07,871 - INFO - Distillation Epoch: 5
2024-12-26 22:50:09,965 - INFO - Epoch: 5 | Train Loss: 0.6760153740644455 | CE Loss: 0.8189354509115219 | Distill Loss: 6.389492225646973
2024-12-26 22:50:09,997 - INFO - Cosine Similarity: -0.01818685159087181, Variance: 22.344362258911133
2024-12-26 22:50:09,997 - INFO - Distillation Epoch: 6
2024-12-26 22:50:12,091 - INFO - Epoch: 6 | Train Loss: 0.6754725217819214 | CE Loss: 0.8111907303333282 | Distill Loss: 6.4020183801651
2024-12-26 22:50:12,122 - INFO - Cosine Similarity: 0.03303752224892378, Variance: 26.851272583007812
2024-12-26 22:50:12,122 - INFO - Distillation Epoch: 7
2024-12-26 22:50:14,217 - INFO - Epoch: 7 | Train Loss: 0.6745107054710389 | CE Loss: 0.8064821481704711 | Distill Loss: 6.401940107345581
2024-12-26 22:50:14,272 - INFO - Cosine Similarity: 0.0012399939820170402, Variance: 31.373987197875977
2024-12-26 22:50:14,272 - INFO - Distillation Epoch: 8
2024-12-26 22:50:16,360 - INFO - Epoch: 8 | Train Loss: 0.6737977474927902 | CE Loss: 0.8047003328800202 | Distill Loss: 6.397006344795227
2024-12-26 22:50:16,407 - INFO - Cosine Similarity: 0.027577980980277063, Variance: 35.885189056396484
2024-12-26 22:50:16,407 - INFO - Distillation Epoch: 9
2024-12-26 22:50:18,499 - INFO - Epoch: 9 | Train Loss: 0.6737712979316711 | CE Loss: 0.7989987194538116 | Distill Loss: 6.411318731307984
2024-12-26 22:50:18,532 - INFO - Cosine Similarity: 0.009565885365009307, Variance: 40.41531753540039
2024-12-26 22:50:18,532 - INFO - Distillation Epoch: 10
2024-12-26 22:50:20,610 - INFO - Epoch: 10 | Train Loss: 0.6714440196752548 | CE Loss: 0.7917891263961792 | Distill Loss: 6.400119423866272
2024-12-26 22:50:20,652 - INFO - Cosine Similarity: -0.0015721207484602929, Variance: 44.9351692199707
2024-12-26 22:51:05,911 - INFO - Distillation Epoch: 1
2024-12-26 22:51:08,035 - INFO - Epoch: 1 | Train Loss: 0.6871104300022125 | CE Loss: 0.8888515025377274 | Distill Loss: 6.3488789081573485
2024-12-26 22:51:08,067 - INFO - Cosine Similarity: 0.009921491146087646, Variance: 4.563446044921875
2024-12-26 22:51:08,067 - INFO - Distillation Epoch: 2
2024-12-26 22:51:10,176 - INFO - Epoch: 2 | Train Loss: 0.6707665711641312 | CE Loss: 0.8438715279102326 | Distill Loss: 6.256586766242981
2024-12-26 22:51:10,207 - INFO - Cosine Similarity: -0.004500886425375938, Variance: 8.701937675476074
2024-12-26 22:51:10,207 - INFO - Distillation Epoch: 3
2024-12-26 22:51:12,346 - INFO - Epoch: 3 | Train Loss: 0.6660804957151413 | CE Loss: 0.8244784593582153 | Distill Loss: 6.246943068504334
2024-12-26 22:51:12,403 - INFO - Cosine Similarity: -0.01057590004056692, Variance: 12.978239059448242
2024-12-26 22:51:12,403 - INFO - Distillation Epoch: 4
2024-12-26 22:51:14,474 - INFO - Epoch: 4 | Train Loss: 0.6635434329509735 | CE Loss: 0.8084737330675125 | Distill Loss: 6.254771327972412
2024-12-26 22:51:14,521 - INFO - Cosine Similarity: 2.6303762570023537e-05, Variance: 17.306127548217773
2024-12-26 22:51:14,521 - INFO - Distillation Epoch: 5
2024-12-26 22:51:16,613 - INFO - Epoch: 5 | Train Loss: 0.6625352144241333 | CE Loss: 0.800170761346817 | Distill Loss: 6.263340950012207
2024-12-26 22:51:16,644 - INFO - Cosine Similarity: -0.015010921470820903, Variance: 21.655176162719727
2024-12-26 22:51:16,644 - INFO - Distillation Epoch: 6
2024-12-26 22:51:18,738 - INFO - Epoch: 6 | Train Loss: 0.6598586827516556 | CE Loss: 0.7879999905824662 | Distill Loss: 6.2602519512176515
2024-12-26 22:51:18,785 - INFO - Cosine Similarity: -0.005893691070377826, Variance: 25.999053955078125
2024-12-26 22:51:18,785 - INFO - Distillation Epoch: 7
2024-12-26 22:51:20,858 - INFO - Epoch: 7 | Train Loss: 0.6607134282588959 | CE Loss: 0.7870873302221298 | Distill Loss: 6.27286012172699
2024-12-26 22:51:20,879 - INFO - Cosine Similarity: -0.005966866388916969, Variance: 30.358150482177734
2024-12-26 22:51:20,879 - INFO - Distillation Epoch: 8
2024-12-26 22:51:22,973 - INFO - Epoch: 8 | Train Loss: 0.660710334777832 | CE Loss: 0.7845639884471893 | Distill Loss: 6.278948092460633
2024-12-26 22:51:23,014 - INFO - Cosine Similarity: 0.014345691353082658, Variance: 34.709991455078125
2024-12-26 22:51:23,014 - INFO - Distillation Epoch: 9
2024-12-26 22:51:25,097 - INFO - Epoch: 9 | Train Loss: 0.6600011616945267 | CE Loss: 0.7779054045677185 | Distill Loss: 6.2874675989151
2024-12-26 22:51:25,144 - INFO - Cosine Similarity: -0.0009675287641584873, Variance: 39.07749557495117
2024-12-26 22:51:25,144 - INFO - Distillation Epoch: 10
2024-12-26 22:51:27,221 - INFO - Epoch: 10 | Train Loss: 0.6588555842638015 | CE Loss: 0.7691892653703689 | Distill Loss: 6.294660449028015
2024-12-26 22:51:27,274 - INFO - Cosine Similarity: -0.01974610472097993, Variance: 43.45173645019531
2024-12-26 22:52:46,083 - INFO - Distillation Epoch: 1
2024-12-26 22:52:48,220 - INFO - Epoch: 1 | Train Loss: 0.734551602602005 | CE Loss: 1.369737982749939 | Distill Loss: 5.746154928207398
2024-12-26 22:52:48,262 - INFO - Cosine Similarity: -0.13013993948698044, Variance: 3.6737637519836426
2024-12-26 22:52:48,262 - INFO - Distillation Epoch: 2
2024-12-26 22:52:50,342 - INFO - Epoch: 2 | Train Loss: 0.7083817690610885 | CE Loss: 1.208800584077835 | Distill Loss: 5.824540114402771
2024-12-26 22:52:50,373 - INFO - Cosine Similarity: -0.05413758344948292, Variance: 6.667202949523926
2024-12-26 22:52:50,373 - INFO - Distillation Epoch: 3
2024-12-26 22:52:52,484 - INFO - Epoch: 3 | Train Loss: 0.7049471974372864 | CE Loss: 1.1880648016929627 | Distill Loss: 5.8333396196365355
2024-12-26 22:52:52,520 - INFO - Cosine Similarity: 0.042458907887339595, Variance: 9.860980987548828
2024-12-26 22:52:52,520 - INFO - Distillation Epoch: 4
2024-12-26 22:52:54,624 - INFO - Epoch: 4 | Train Loss: 0.7020180463790894 | CE Loss: 1.1637679517269135 | Distill Loss: 5.857797527313233
2024-12-26 22:52:54,655 - INFO - Cosine Similarity: -0.03681541085243225, Variance: 13.142341613769531
2024-12-26 22:52:54,655 - INFO - Distillation Epoch: 5
2024-12-26 22:52:56,786 - INFO - Epoch: 5 | Train Loss: 0.7010985165834427 | CE Loss: 1.155102974176407 | Distill Loss: 5.868110847473145
2024-12-26 22:52:56,811 - INFO - Cosine Similarity: 0.015070425998419523, Variance: 16.420642852783203
2024-12-26 22:52:56,811 - INFO - Distillation Epoch: 6
2024-12-26 22:52:58,907 - INFO - Epoch: 6 | Train Loss: 0.7003480434417725 | CE Loss: 1.1495925664901734 | Distill Loss: 5.87191481590271
2024-12-26 22:52:58,938 - INFO - Cosine Similarity: 0.016429908480495213, Variance: 19.71722984313965
2024-12-26 22:52:58,938 - INFO - Distillation Epoch: 7
2024-12-26 22:53:01,053 - INFO - Epoch: 7 | Train Loss: 0.7002315610647202 | CE Loss: 1.1458954155445098 | Distill Loss: 5.879679822921753
2024-12-26 22:53:01,075 - INFO - Cosine Similarity: 0.05808717627078295, Variance: 23.011953353881836
2024-12-26 22:53:01,075 - INFO - Distillation Epoch: 8
2024-12-26 22:53:03,168 - INFO - Epoch: 8 | Train Loss: 0.6986158728599549 | CE Loss: 1.135867577791214 | Distill Loss: 5.884490561485291
2024-12-26 22:53:03,210 - INFO - Cosine Similarity: 0.0679260604083538, Variance: 26.323299407958984
2024-12-26 22:53:03,215 - INFO - Distillation Epoch: 9
2024-12-26 22:53:05,355 - INFO - Epoch: 9 | Train Loss: 0.6964590609073639 | CE Loss: 1.1195368587970733 | Distill Loss: 5.898567390441895
2024-12-26 22:53:05,386 - INFO - Cosine Similarity: -0.039368200302124026, Variance: 29.657215118408203
2024-12-26 22:53:05,386 - INFO - Distillation Epoch: 10
2024-12-26 22:53:07,524 - INFO - Epoch: 10 | Train Loss: 0.6953455865383148 | CE Loss: 1.1140067517757415 | Distill Loss: 5.898381042480469
2024-12-26 22:53:07,555 - INFO - Cosine Similarity: -0.10563088357448577, Variance: 32.98471450805664
2024-12-26 22:54:25,266 - INFO - Distillation Epoch: 1
2024-12-26 22:54:27,348 - INFO - Epoch: 1 | Train Loss: 0.7883090883493423 | CE Loss: 1.657488465309143 | Distill Loss: 5.647474646568298
2024-12-26 22:54:27,379 - INFO - Cosine Similarity: -0.0190147764980793, Variance: 3.404024600982666
2024-12-26 22:54:27,379 - INFO - Distillation Epoch: 2
2024-12-26 22:54:29,463 - INFO - Epoch: 2 | Train Loss: 0.7627135664224625 | CE Loss: 1.526347178220749 | Distill Loss: 5.6563170671463014
2024-12-26 22:54:29,494 - INFO - Cosine Similarity: 0.029808401432819664, Variance: 6.465672492980957
2024-12-26 22:54:29,494 - INFO - Distillation Epoch: 3
2024-12-26 22:54:31,573 - INFO - Epoch: 3 | Train Loss: 0.756919327378273 | CE Loss: 1.475349873304367 | Distill Loss: 5.711336278915406
2024-12-26 22:54:31,614 - INFO - Cosine Similarity: -0.015035431925207376, Variance: 9.704066276550293
2024-12-26 22:54:31,614 - INFO - Distillation Epoch: 4
2024-12-26 22:54:33,685 - INFO - Epoch: 4 | Train Loss: 0.7518728017807007 | CE Loss: 1.4380432724952699 | Distill Loss: 5.741009593009949
2024-12-26 22:54:33,717 - INFO - Cosine Similarity: -0.020400543324649335, Variance: 12.968896865844727
2024-12-26 22:54:33,717 - INFO - Distillation Epoch: 5
2024-12-26 22:54:35,801 - INFO - Epoch: 5 | Train Loss: 0.748075184226036 | CE Loss: 1.4087004601955413 | Distill Loss: 5.767831110954285
2024-12-26 22:54:35,825 - INFO - Cosine Similarity: 0.006925545446574688, Variance: 16.248580932617188
2024-12-26 22:54:35,825 - INFO - Distillation Epoch: 6
2024-12-26 22:54:37,917 - INFO - Epoch: 6 | Train Loss: 0.7455257683992386 | CE Loss: 1.3894722640514374 | Distill Loss: 5.78372220993042
2024-12-26 22:54:37,951 - INFO - Cosine Similarity: 0.016875957464799286, Variance: 19.531526565551758
2024-12-26 22:54:37,951 - INFO - Distillation Epoch: 7
2024-12-26 22:54:40,056 - INFO - Epoch: 7 | Train Loss: 0.7428953617811203 | CE Loss: 1.368101578950882 | Distill Loss: 5.8044010400772095
2024-12-26 22:54:40,077 - INFO - Cosine Similarity: -0.006264917179942131, Variance: 22.830108642578125
2024-12-26 22:54:40,077 - INFO - Distillation Epoch: 8
2024-12-26 22:54:42,200 - INFO - Epoch: 8 | Train Loss: 0.7399559408426285 | CE Loss: 1.3446242213249207 | Distill Loss: 5.826744866371155
2024-12-26 22:54:42,232 - INFO - Cosine Similarity: -0.002044331096112728, Variance: 26.137664794921875
2024-12-26 22:54:42,232 - INFO - Distillation Epoch: 9
2024-12-26 22:54:44,341 - INFO - Epoch: 9 | Train Loss: 0.7394227236509323 | CE Loss: 1.3357151091098785 | Distill Loss: 5.841707849502564
2024-12-26 22:54:44,388 - INFO - Cosine Similarity: 0.0029937593266367913, Variance: 29.42007827758789
2024-12-26 22:54:44,388 - INFO - Distillation Epoch: 10
2024-12-26 22:54:46,541 - INFO - Epoch: 10 | Train Loss: 0.7375827372074127 | CE Loss: 1.3207391321659088 | Distill Loss: 5.856684255599975
2024-12-26 22:54:46,574 - INFO - Cosine Similarity: 0.011469410173594952, Variance: 32.713951110839844
2024-12-26 22:56:04,015 - INFO - Distillation Epoch: 1
2024-12-26 22:56:06,117 - INFO - Epoch: 1 | Train Loss: 0.7337692737579345 | CE Loss: 1.2553020417690277 | Distill Loss: 6.01511127948761
2024-12-26 22:56:06,139 - INFO - Cosine Similarity: -0.024167969450354577, Variance: 3.906907320022583
2024-12-26 22:56:06,139 - INFO - Distillation Epoch: 2
2024-12-26 22:56:08,232 - INFO - Epoch: 2 | Train Loss: 0.7122562766075134 | CE Loss: 1.1585804164409637 | Distill Loss: 5.988629174232483
2024-12-26 22:56:08,279 - INFO - Cosine Similarity: -0.014682639762759209, Variance: 7.158339500427246
2024-12-26 22:56:08,279 - INFO - Distillation Epoch: 3
2024-12-26 22:56:10,358 - INFO - Epoch: 3 | Train Loss: 0.7070883631706237 | CE Loss: 1.1262546598911285 | Distill Loss: 6.004810047149658
2024-12-26 22:56:10,405 - INFO - Cosine Similarity: -0.0004753550514578819, Variance: 10.571603775024414
2024-12-26 22:56:10,405 - INFO - Distillation Epoch: 4
2024-12-26 22:56:12,500 - INFO - Epoch: 4 | Train Loss: 0.7046320289373398 | CE Loss: 1.1074986279010772 | Distill Loss: 6.020839047431946
2024-12-26 22:56:12,558 - INFO - Cosine Similarity: 0.00887992123607546, Variance: 14.050249099731445
2024-12-26 22:56:12,558 - INFO - Distillation Epoch: 5
2024-12-26 22:56:14,627 - INFO - Epoch: 5 | Train Loss: 0.7032290756702423 | CE Loss: 1.096727043390274 | Distill Loss: 6.030404758453369
2024-12-26 22:56:14,659 - INFO - Cosine Similarity: 0.011210133135318757, Variance: 17.544330596923828
2024-12-26 22:56:14,659 - INFO - Distillation Epoch: 6
2024-12-26 22:56:16,769 - INFO - Epoch: 6 | Train Loss: 0.7031022012233734 | CE Loss: 1.0925652980804443 | Distill Loss: 6.039122605323792
2024-12-26 22:56:16,806 - INFO - Cosine Similarity: 0.007992693223059177, Variance: 21.0575008392334
2024-12-26 22:56:16,806 - INFO - Distillation Epoch: 7
2024-12-26 22:56:18,906 - INFO - Epoch: 7 | Train Loss: 0.7023644000291824 | CE Loss: 1.0838607728481293 | Distill Loss: 6.051470565795898
2024-12-26 22:56:18,959 - INFO - Cosine Similarity: 0.016623132303357123, Variance: 24.571300506591797
2024-12-26 22:56:18,959 - INFO - Distillation Epoch: 8
2024-12-26 22:56:21,038 - INFO - Epoch: 8 | Train Loss: 0.7002103656530381 | CE Loss: 1.078895092010498 | Distill Loss: 6.036919283866882
2024-12-26 22:56:21,070 - INFO - Cosine Similarity: -0.016726693511009215, Variance: 28.10329818725586
2024-12-26 22:56:21,070 - INFO - Distillation Epoch: 9
2024-12-26 22:56:23,166 - INFO - Epoch: 9 | Train Loss: 0.6999877780675888 | CE Loss: 1.0722832024097442 | Distill Loss: 6.050705099105835
2024-12-26 22:56:23,213 - INFO - Cosine Similarity: -0.006105146557092667, Variance: 31.62064552307129
2024-12-26 22:56:23,213 - INFO - Distillation Epoch: 10
2024-12-26 22:56:25,323 - INFO - Epoch: 10 | Train Loss: 0.6986103892326355 | CE Loss: 1.0575621366500854 | Distill Loss: 6.070310163497925
2024-12-26 22:56:25,370 - INFO - Cosine Similarity: 0.009517980180680752, Variance: 35.13416290283203
2024-12-26 22:57:43,671 - INFO - Distillation Epoch: 1
2024-12-26 22:57:45,758 - INFO - Epoch: 1 | Train Loss: 0.7391539067029953 | CE Loss: 1.3729364812374114 | Distill Loss: 5.776425814628601
2024-12-26 22:57:45,802 - INFO - Cosine Similarity: 0.013740086741745473, Variance: 4.180070877075195
2024-12-26 22:57:45,802 - INFO - Distillation Epoch: 2
2024-12-26 22:57:47,891 - INFO - Epoch: 2 | Train Loss: 0.7160102546215057 | CE Loss: 1.2978586673736572 | Distill Loss: 5.674922776222229
2024-12-26 22:57:47,927 - INFO - Cosine Similarity: -0.018476780503988266, Variance: 7.4718523025512695
2024-12-26 22:57:47,927 - INFO - Distillation Epoch: 3
2024-12-26 22:57:50,013 - INFO - Epoch: 3 | Train Loss: 0.7110507160425186 | CE Loss: 1.2681120336055756 | Distill Loss: 5.687503051757813
2024-12-26 22:57:50,047 - INFO - Cosine Similarity: 0.01916842944920063, Variance: 10.959568977355957
2024-12-26 22:57:50,047 - INFO - Distillation Epoch: 4
2024-12-26 22:57:52,115 - INFO - Epoch: 4 | Train Loss: 0.7083373039960861 | CE Loss: 1.2447612822055816 | Distill Loss: 5.711571621894836
2024-12-26 22:57:52,159 - INFO - Cosine Similarity: 0.026599791273474692, Variance: 14.545038223266602
2024-12-26 22:57:52,159 - INFO - Distillation Epoch: 5
2024-12-26 22:57:54,239 - INFO - Epoch: 5 | Train Loss: 0.7062760114669799 | CE Loss: 1.2283437311649323 | Distill Loss: 5.726824069023133
2024-12-26 22:57:54,269 - INFO - Cosine Similarity: 0.004971151798963546, Variance: 18.16741371154785
2024-12-26 22:57:54,269 - INFO - Distillation Epoch: 6
2024-12-26 22:57:56,347 - INFO - Epoch: 6 | Train Loss: 0.7040110379457474 | CE Loss: 1.214259958267212 | Distill Loss: 5.733987164497376
2024-12-26 22:57:56,379 - INFO - Cosine Similarity: 0.03776665385812521, Variance: 21.78025245666504
2024-12-26 22:57:56,379 - INFO - Distillation Epoch: 7
2024-12-26 22:57:58,465 - INFO - Epoch: 7 | Train Loss: 0.7017456471920014 | CE Loss: 1.1992635786533357 | Distill Loss: 5.743028283119202
2024-12-26 22:57:58,486 - INFO - Cosine Similarity: -0.03282775394618511, Variance: 25.48415756225586
2024-12-26 22:57:58,486 - INFO - Distillation Epoch: 8
2024-12-26 22:58:00,581 - INFO - Epoch: 8 | Train Loss: 0.7004700481891633 | CE Loss: 1.1900836646556854 | Distill Loss: 5.7502209663391115
2024-12-26 22:58:00,613 - INFO - Cosine Similarity: 0.008380074054002762, Variance: 29.089946746826172
2024-12-26 22:58:00,613 - INFO - Distillation Epoch: 9
2024-12-26 22:58:02,708 - INFO - Epoch: 9 | Train Loss: 0.6996501922607422 | CE Loss: 1.1774793922901154 | Distill Loss: 5.771250677108765
2024-12-26 22:58:02,741 - INFO - Cosine Similarity: 0.0364818824455142, Variance: 32.717796325683594
2024-12-26 22:58:02,741 - INFO - Distillation Epoch: 10
2024-12-26 22:58:04,836 - INFO - Epoch: 10 | Train Loss: 0.6991711467504501 | CE Loss: 1.1768485486507416 | Distill Loss: 5.766496896743774
2024-12-26 22:58:04,867 - INFO - Cosine Similarity: 0.021638615429401396, Variance: 36.37663650512695
2024-12-26 22:59:22,727 - INFO - Distillation Epoch: 1
2024-12-26 22:59:24,821 - INFO - Epoch: 1 | Train Loss: 0.7157073199748993 | CE Loss: 1.126676332950592 | Distill Loss: 6.107632899284363
2024-12-26 22:59:24,885 - INFO - Cosine Similarity: 0.05992158949375152, Variance: 4.3839616775512695
2024-12-26 22:59:24,885 - INFO - Distillation Epoch: 2
2024-12-26 22:59:26,980 - INFO - Epoch: 2 | Train Loss: 0.6980305403470993 | CE Loss: 1.0682082265615462 | Distill Loss: 6.032409954071045
2024-12-26 22:59:27,012 - INFO - Cosine Similarity: -0.09675317145884037, Variance: 8.048922538757324
2024-12-26 22:59:27,012 - INFO - Distillation Epoch: 3
2024-12-26 22:59:29,106 - INFO - Epoch: 3 | Train Loss: 0.6942894518375397 | CE Loss: 1.0523237526416778 | Distill Loss: 6.025383806228637
2024-12-26 22:59:29,163 - INFO - Cosine Similarity: 0.05412285774946213, Variance: 11.762838363647461
2024-12-26 22:59:29,163 - INFO - Distillation Epoch: 4
2024-12-26 22:59:31,232 - INFO - Epoch: 4 | Train Loss: 0.6920411914587021 | CE Loss: 1.0411881238222123 | Distill Loss: 6.025171828269959
2024-12-26 22:59:31,295 - INFO - Cosine Similarity: -0.07459555324167014, Variance: 15.707984924316406
2024-12-26 22:59:31,295 - INFO - Distillation Epoch: 5
2024-12-26 22:59:33,375 - INFO - Epoch: 5 | Train Loss: 0.6899376600980759 | CE Loss: 1.0238956660032272 | Distill Loss: 6.041848039627075
2024-12-26 22:59:33,423 - INFO - Cosine Similarity: -0.01089959666132927, Variance: 19.60841941833496
2024-12-26 22:59:33,423 - INFO - Distillation Epoch: 6
2024-12-26 22:59:35,500 - INFO - Epoch: 6 | Train Loss: 0.6881249099969864 | CE Loss: 1.0126647740602492 | Distill Loss: 6.04751238822937
2024-12-26 22:59:35,532 - INFO - Cosine Similarity: -0.08179450333118439, Variance: 23.607789993286133
2024-12-26 22:59:35,532 - INFO - Distillation Epoch: 7
2024-12-26 22:59:37,628 - INFO - Epoch: 7 | Train Loss: 0.6876518815755844 | CE Loss: 1.0082347452640534 | Distill Loss: 6.052221417427063
2024-12-26 22:59:37,660 - INFO - Cosine Similarity: 0.05423089032992721, Variance: 27.456634521484375
2024-12-26 22:59:37,660 - INFO - Distillation Epoch: 8
2024-12-26 22:59:39,739 - INFO - Epoch: 8 | Train Loss: 0.6874999225139617 | CE Loss: 0.999220895767212 | Distill Loss: 6.072990155220031
2024-12-26 22:59:39,803 - INFO - Cosine Similarity: 0.05109679424203932, Variance: 31.409961700439453
2024-12-26 22:59:39,803 - INFO - Distillation Epoch: 9
2024-12-26 22:59:41,866 - INFO - Epoch: 9 | Train Loss: 0.6873875916004181 | CE Loss: 0.9974593371152878 | Distill Loss: 6.075948476791382
2024-12-26 22:59:41,908 - INFO - Cosine Similarity: -0.004568297322839499, Variance: 35.415592193603516
2024-12-26 22:59:41,914 - INFO - Distillation Epoch: 10
2024-12-26 22:59:43,990 - INFO - Epoch: 10 | Train Loss: 0.6855328261852265 | CE Loss: 0.9869422107934952 | Distill Loss: 6.079761171340943
2024-12-26 22:59:44,038 - INFO - Cosine Similarity: -0.051431198790669444, Variance: 39.38142395019531
2024-12-26 23:01:02,010 - INFO - Distillation Epoch: 1
2024-12-26 23:01:04,134 - INFO - Epoch: 1 | Train Loss: 0.7926784932613373 | CE Loss: 1.3228806257247925 | Distill Loss: 6.581277179718017
2024-12-26 23:01:04,166 - INFO - Cosine Similarity: 0.011708204820752143, Variance: 4.806394100189209
2024-12-26 23:01:04,166 - INFO - Distillation Epoch: 2
2024-12-26 23:01:06,301 - INFO - Epoch: 2 | Train Loss: 0.7620657533407211 | CE Loss: 1.1722582042217256 | Distill Loss: 6.576702404022217
2024-12-26 23:01:06,332 - INFO - Cosine Similarity: 0.02025551050901413, Variance: 8.476812362670898
2024-12-26 23:01:06,332 - INFO - Distillation Epoch: 3
2024-12-26 23:01:08,484 - INFO - Epoch: 3 | Train Loss: 0.7554331511259079 | CE Loss: 1.143486213684082 | Distill Loss: 6.56551833152771
2024-12-26 23:01:08,516 - INFO - Cosine Similarity: -0.004913574084639549, Variance: 12.491933822631836
2024-12-26 23:01:08,516 - INFO - Distillation Epoch: 4
2024-12-26 23:01:10,668 - INFO - Epoch: 4 | Train Loss: 0.7543525487184525 | CE Loss: 1.1372935235500337 | Distill Loss: 6.567381358146667
2024-12-26 23:01:10,710 - INFO - Cosine Similarity: 0.02482995539903641, Variance: 16.59514808654785
2024-12-26 23:01:10,710 - INFO - Distillation Epoch: 5
2024-12-26 23:01:12,825 - INFO - Epoch: 5 | Train Loss: 0.7519194394350052 | CE Loss: 1.1214727848768233 | Distill Loss: 6.576393413543701
2024-12-26 23:01:12,888 - INFO - Cosine Similarity: 0.005087279155850411, Variance: 20.74175262451172
2024-12-26 23:01:12,888 - INFO - Distillation Epoch: 6
2024-12-26 23:01:14,969 - INFO - Epoch: 6 | Train Loss: 0.7508463531732559 | CE Loss: 1.1152065336704253 | Distill Loss: 6.5786710500717165
2024-12-26 23:01:15,011 - INFO - Cosine Similarity: -0.025533719547092916, Variance: 24.914546966552734
2024-12-26 23:01:15,011 - INFO - Distillation Epoch: 7
2024-12-26 23:01:17,109 - INFO - Epoch: 7 | Train Loss: 0.7499754071235657 | CE Loss: 1.1017633825540543 | Distill Loss: 6.601313352584839
2024-12-26 23:01:17,163 - INFO - Cosine Similarity: 0.023220121674239636, Variance: 29.066661834716797
2024-12-26 23:01:17,163 - INFO - Distillation Epoch: 8
2024-12-26 23:01:19,256 - INFO - Epoch: 8 | Train Loss: 0.7496038883924484 | CE Loss: 1.0941225349903108 | Distill Loss: 6.615610194206238
2024-12-26 23:01:19,287 - INFO - Cosine Similarity: 0.028963154926896096, Variance: 33.238433837890625
2024-12-26 23:01:19,287 - INFO - Distillation Epoch: 9
2024-12-26 23:01:21,366 - INFO - Epoch: 9 | Train Loss: 0.747766238451004 | CE Loss: 1.0931227684020997 | Distill Loss: 6.59511251449585
2024-12-26 23:01:21,413 - INFO - Cosine Similarity: -0.011539260670542718, Variance: 37.43456268310547
2024-12-26 23:01:21,413 - INFO - Distillation Epoch: 10
2024-12-26 23:01:23,494 - INFO - Epoch: 10 | Train Loss: 0.7488176435232162 | CE Loss: 1.0860561847686767 | Distill Loss: 6.6259722232818605
2024-12-26 23:01:23,526 - INFO - Cosine Similarity: 0.013728982582688332, Variance: 41.60417175292969
2024-12-26 23:02:40,294 - INFO - Distillation Epoch: 1
2024-12-26 23:02:42,375 - INFO - Epoch: 1 | Train Loss: 0.7191365092992783 | CE Loss: 0.9957096308469773 | Distill Loss: 6.4754701375961305
2024-12-26 23:02:42,417 - INFO - Cosine Similarity: -0.05034797824919224, Variance: 4.933859825134277
2024-12-26 23:02:42,417 - INFO - Distillation Epoch: 2
2024-12-26 23:02:44,513 - INFO - Epoch: 2 | Train Loss: 0.6985722213983536 | CE Loss: 0.9316510885953904 | Distill Loss: 6.378042793273925
2024-12-26 23:02:44,565 - INFO - Cosine Similarity: 0.03440786302089691, Variance: 9.160642623901367
2024-12-26 23:02:44,565 - INFO - Distillation Epoch: 3
2024-12-26 23:02:46,656 - INFO - Epoch: 3 | Train Loss: 0.6967447459697723 | CE Loss: 0.9173930376768112 | Distill Loss: 6.39103512763977
2024-12-26 23:02:46,694 - INFO - Cosine Similarity: -0.013623351790010929, Variance: 13.689785957336426
2024-12-26 23:02:46,694 - INFO - Distillation Epoch: 4
2024-12-26 23:02:48,773 - INFO - Epoch: 4 | Train Loss: 0.692941552400589 | CE Loss: 0.894240266084671 | Distill Loss: 6.4016052961349486
2024-12-26 23:02:48,837 - INFO - Cosine Similarity: 0.004217448830604553, Variance: 18.260602951049805
2024-12-26 23:02:48,837 - INFO - Distillation Epoch: 5
2024-12-26 23:02:50,933 - INFO - Epoch: 5 | Train Loss: 0.6938881546258926 | CE Loss: 0.8952347576618195 | Distill Loss: 6.4107072114944454
2024-12-26 23:02:50,965 - INFO - Cosine Similarity: 0.02572905272245407, Variance: 22.82308578491211
2024-12-26 23:02:50,965 - INFO - Distillation Epoch: 6
2024-12-26 23:02:53,046 - INFO - Epoch: 6 | Train Loss: 0.692755451798439 | CE Loss: 0.8864895820617675 | Distill Loss: 6.41870334148407
2024-12-26 23:02:53,093 - INFO - Cosine Similarity: 0.05907484125345945, Variance: 27.403522491455078
2024-12-26 23:02:53,093 - INFO - Distillation Epoch: 7
2024-12-26 23:02:55,166 - INFO - Epoch: 7 | Train Loss: 0.6915336519479751 | CE Loss: 0.8798282623291016 | Distill Loss: 6.419754314422607
2024-12-26 23:02:55,219 - INFO - Cosine Similarity: 0.03666177280247211, Variance: 32.062992095947266
2024-12-26 23:02:55,219 - INFO - Distillation Epoch: 8
2024-12-26 23:02:57,299 - INFO - Epoch: 8 | Train Loss: 0.6903130292892456 | CE Loss: 0.8723497658967971 | Distill Loss: 6.423236346244812
2024-12-26 23:02:57,330 - INFO - Cosine Similarity: -0.06291625127196313, Variance: 36.7155647277832
2024-12-26 23:02:57,330 - INFO - Distillation Epoch: 9
2024-12-26 23:02:59,411 - INFO - Epoch: 9 | Train Loss: 0.6901987642049789 | CE Loss: 0.8715900540351867 | Distill Loss: 6.423611736297607
2024-12-26 23:02:59,453 - INFO - Cosine Similarity: 0.014417463261634112, Variance: 41.30183029174805
2024-12-26 23:02:59,453 - INFO - Distillation Epoch: 10
2024-12-26 23:03:01,538 - INFO - Epoch: 10 | Train Loss: 0.6883820116519928 | CE Loss: 0.8617673426866531 | Distill Loss: 6.425485992431641
2024-12-26 23:03:01,585 - INFO - Cosine Similarity: -0.04697979670017958, Variance: 45.93821716308594
2024-12-26 23:04:20,570 - INFO - Distillation Epoch: 1
2024-12-26 23:04:22,665 - INFO - Epoch: 1 | Train Loss: 0.7400964021682739 | CE Loss: 1.0906101554632186 | Distill Loss: 6.508228588104248
2024-12-26 23:04:22,707 - INFO - Cosine Similarity: -0.03904927652329206, Variance: 4.899177074432373
2024-12-26 23:04:22,707 - INFO - Distillation Epoch: 2
2024-12-26 23:04:24,789 - INFO - Epoch: 2 | Train Loss: 0.7175059497356415 | CE Loss: 1.0361882776021958 | Distill Loss: 6.361915040016174
2024-12-26 23:04:24,820 - INFO - Cosine Similarity: 0.08869095863774419, Variance: 8.743339538574219
2024-12-26 23:04:24,820 - INFO - Distillation Epoch: 3
2024-12-26 23:04:26,932 - INFO - Epoch: 3 | Train Loss: 0.7103581547737121 | CE Loss: 1.0054798185825349 | Distill Loss: 6.348907232284546
2024-12-26 23:04:26,996 - INFO - Cosine Similarity: -0.0023960303515195847, Variance: 13.045469284057617
2024-12-26 23:04:26,996 - INFO - Distillation Epoch: 4
2024-12-26 23:04:29,094 - INFO - Epoch: 4 | Train Loss: 0.709604698419571 | CE Loss: 0.9909942239522934 | Distill Loss: 6.3755041599273685
2024-12-26 23:04:29,125 - INFO - Cosine Similarity: -0.004658591747283935, Variance: 17.39386558532715
2024-12-26 23:04:29,125 - INFO - Distillation Epoch: 5
2024-12-26 23:04:31,212 - INFO - Epoch: 5 | Train Loss: 0.7073450267314911 | CE Loss: 0.9764982700347901 | Distill Loss: 6.383758497238159
2024-12-26 23:04:31,234 - INFO - Cosine Similarity: -0.09384276932105422, Variance: 21.786724090576172
2024-12-26 23:04:31,234 - INFO - Distillation Epoch: 6
2024-12-26 23:04:33,330 - INFO - Epoch: 6 | Train Loss: 0.7078149795532227 | CE Loss: 0.9726951003074646 | Distill Loss: 6.398952031135559
2024-12-26 23:04:33,404 - INFO - Cosine Similarity: 0.1027263842523098, Variance: 26.0482234954834
2024-12-26 23:04:33,404 - INFO - Distillation Epoch: 7
2024-12-26 23:04:35,488 - INFO - Epoch: 7 | Train Loss: 0.7063426613807678 | CE Loss: 0.9661027014255523 | Distill Loss: 6.397385597229004
2024-12-26 23:04:35,519 - INFO - Cosine Similarity: 0.00016553588211536406, Variance: 30.483516693115234
2024-12-26 23:04:35,519 - INFO - Distillation Epoch: 8
2024-12-26 23:04:37,609 - INFO - Epoch: 8 | Train Loss: 0.7039451122283935 | CE Loss: 0.9555366575717926 | Distill Loss: 6.393283653259277
2024-12-26 23:04:37,661 - INFO - Cosine Similarity: -0.08529384983703495, Variance: 34.915977478027344
2024-12-26 23:04:37,661 - INFO - Distillation Epoch: 9
2024-12-26 23:04:39,743 - INFO - Epoch: 9 | Train Loss: 0.7047367185354233 | CE Loss: 0.9490305572748184 | Distill Loss: 6.419595170021057
2024-12-26 23:04:39,790 - INFO - Cosine Similarity: -0.07676980998367071, Variance: 39.26634979248047
2024-12-26 23:04:39,790 - INFO - Distillation Epoch: 10
2024-12-26 23:04:41,867 - INFO - Epoch: 10 | Train Loss: 0.703593173623085 | CE Loss: 0.9426742136478424 | Distill Loss: 6.421090006828308
2024-12-26 23:04:41,914 - INFO - Cosine Similarity: 0.0560153853148222, Variance: 43.60111999511719
2024-12-26 23:05:59,714 - INFO - Distillation Epoch: 1
2024-12-26 23:06:01,808 - INFO - Epoch: 1 | Train Loss: 0.7277557998895645 | CE Loss: 1.087591615319252 | Distill Loss: 6.354744172096252
2024-12-26 23:06:01,840 - INFO - Cosine Similarity: -0.08036123653873802, Variance: 4.482941627502441
2024-12-26 23:06:01,840 - INFO - Distillation Epoch: 2
2024-12-26 23:06:03,918 - INFO - Epoch: 2 | Train Loss: 0.7053805083036423 | CE Loss: 1.0152387470006943 | Distill Loss: 6.25586998462677
2024-12-26 23:06:03,950 - INFO - Cosine Similarity: -0.036089520528912546, Variance: 8.536060333251953
2024-12-26 23:06:03,950 - INFO - Distillation Epoch: 3
2024-12-26 23:06:06,025 - INFO - Epoch: 3 | Train Loss: 0.7012449264526367 | CE Loss: 0.9917274057865143 | Distill Loss: 6.262946152687073
2024-12-26 23:06:06,057 - INFO - Cosine Similarity: 0.01524693751707673, Variance: 12.748494148254395
2024-12-26 23:06:06,057 - INFO - Distillation Epoch: 4
2024-12-26 23:06:08,152 - INFO - Epoch: 4 | Train Loss: 0.6991872668266297 | CE Loss: 0.9788250267505646 | Distill Loss: 6.269785308837891
2024-12-26 23:06:08,184 - INFO - Cosine Similarity: 0.0026876583695411684, Variance: 17.040828704833984
2024-12-26 23:06:08,193 - INFO - Distillation Epoch: 5
2024-12-26 23:06:10,264 - INFO - Epoch: 5 | Train Loss: 0.6978119939565659 | CE Loss: 0.9636693626642228 | Distill Loss: 6.290616512298584
2024-12-26 23:06:10,296 - INFO - Cosine Similarity: -0.013715480454266071, Variance: 21.39444351196289
2024-12-26 23:06:10,296 - INFO - Distillation Epoch: 6
2024-12-26 23:06:12,374 - INFO - Epoch: 6 | Train Loss: 0.6973386824131012 | CE Loss: 0.9605187833309173 | Distill Loss: 6.29201877117157
2024-12-26 23:06:12,416 - INFO - Cosine Similarity: 0.017688944563269617, Variance: 25.730304718017578
2024-12-26 23:06:12,416 - INFO - Distillation Epoch: 7
2024-12-26 23:06:14,515 - INFO - Epoch: 7 | Train Loss: 0.6953374773263932 | CE Loss: 0.9495911926031113 | Distill Loss: 6.294631886482239
2024-12-26 23:06:14,547 - INFO - Cosine Similarity: 0.014585388451814651, Variance: 30.06695556640625
2024-12-26 23:06:14,547 - INFO - Distillation Epoch: 8
2024-12-26 23:06:16,625 - INFO - Epoch: 8 | Train Loss: 0.6951274096965789 | CE Loss: 0.9497415274381638 | Distill Loss: 6.291153693199158
2024-12-26 23:06:16,656 - INFO - Cosine Similarity: -0.03611681694164872, Variance: 34.4307861328125
2024-12-26 23:06:16,656 - INFO - Distillation Epoch: 9
2024-12-26 23:06:18,750 - INFO - Epoch: 9 | Train Loss: 0.6942529678344727 | CE Loss: 0.9336083561182023 | Distill Loss: 6.32141797542572
2024-12-26 23:06:18,782 - INFO - Cosine Similarity: 0.023463495704345406, Variance: 38.735958099365234
2024-12-26 23:06:18,782 - INFO - Distillation Epoch: 10
2024-12-26 23:06:20,864 - INFO - Epoch: 10 | Train Loss: 0.6928978741168976 | CE Loss: 0.928330197930336 | Distill Loss: 6.317423963546753
2024-12-26 23:06:20,909 - INFO - Cosine Similarity: 0.03563041165471077, Variance: 43.07986831665039
2024-12-26 23:07:38,613 - INFO - Distillation Epoch: 1
2024-12-26 23:07:40,690 - INFO - Epoch: 1 | Train Loss: 0.7058834254741668 | CE Loss: 0.9940502256155014 | Distill Loss: 6.31633939743042
2024-12-26 23:07:40,721 - INFO - Cosine Similarity: 0.11691342983394862, Variance: 4.682599067687988
2024-12-26 23:07:40,721 - INFO - Distillation Epoch: 2
2024-12-26 23:07:42,813 - INFO - Epoch: 2 | Train Loss: 0.6869739562273025 | CE Loss: 0.9308603972196579 | Distill Loss: 6.2372215509414675
2024-12-26 23:07:42,855 - INFO - Cosine Similarity: -0.07494822245789692, Variance: 8.72210693359375
2024-12-26 23:07:42,855 - INFO - Distillation Epoch: 3
2024-12-26 23:07:44,938 - INFO - Epoch: 3 | Train Loss: 0.6825739949941635 | CE Loss: 0.905074268579483 | Distill Loss: 6.246370339393616
2024-12-26 23:07:44,985 - INFO - Cosine Similarity: 0.01509823463857174, Variance: 12.872479438781738
2024-12-26 23:07:44,985 - INFO - Distillation Epoch: 4
2024-12-26 23:07:47,079 - INFO - Epoch: 4 | Train Loss: 0.6794779002666473 | CE Loss: 0.8901518285274506 | Distill Loss: 6.245478296279908
2024-12-26 23:07:47,110 - INFO - Cosine Similarity: -0.08603266179561615, Variance: 17.233001708984375
2024-12-26 23:07:47,110 - INFO - Distillation Epoch: 5
2024-12-26 23:07:49,187 - INFO - Epoch: 5 | Train Loss: 0.6791898995637894 | CE Loss: 0.8843434989452362 | Distill Loss: 6.256032800674438
2024-12-26 23:07:49,234 - INFO - Cosine Similarity: -0.000989910215139389, Variance: 21.474170684814453
2024-12-26 23:07:49,234 - INFO - Distillation Epoch: 6
2024-12-26 23:07:51,314 - INFO - Epoch: 6 | Train Loss: 0.677314642071724 | CE Loss: 0.8750166654586792 | Distill Loss: 6.25619683265686
2024-12-26 23:07:51,346 - INFO - Cosine Similarity: 0.06142275370657444, Variance: 25.775131225585938
2024-12-26 23:07:51,356 - INFO - Distillation Epoch: 7
2024-12-26 23:07:53,423 - INFO - Epoch: 7 | Train Loss: 0.6755148559808731 | CE Loss: 0.8637335032224656 | Distill Loss: 6.261692857742309
2024-12-26 23:07:53,471 - INFO - Cosine Similarity: 0.022196348011493682, Variance: 30.14266014099121
2024-12-26 23:07:53,471 - INFO - Distillation Epoch: 8
2024-12-26 23:07:55,565 - INFO - Epoch: 8 | Train Loss: 0.6767718553543091 | CE Loss: 0.8597746104001999 | Distill Loss: 6.287426137924195
2024-12-26 23:07:55,608 - INFO - Cosine Similarity: -0.03458246402442455, Variance: 34.512489318847656
2024-12-26 23:07:55,608 - INFO - Distillation Epoch: 9
2024-12-26 23:07:57,689 - INFO - Epoch: 9 | Train Loss: 0.6747628778219223 | CE Loss: 0.8536789745092392 | Distill Loss: 6.277451300621033
2024-12-26 23:07:57,720 - INFO - Cosine Similarity: -0.06118111778050661, Variance: 38.87419509887695
2024-12-26 23:07:57,720 - INFO - Distillation Epoch: 10
2024-12-26 23:07:59,814 - INFO - Epoch: 10 | Train Loss: 0.6743270933628083 | CE Loss: 0.8466436803340912 | Distill Loss: 6.289869713783264
2024-12-26 23:07:59,845 - INFO - Cosine Similarity: -0.06240085791796446, Variance: 43.22339630126953
2024-12-26 23:09:17,259 - INFO - Distillation Epoch: 1
2024-12-26 23:09:19,361 - INFO - Epoch: 1 | Train Loss: 0.702695494890213 | CE Loss: 0.8207293391227722 | Distill Loss: 6.720202970504761
2024-12-26 23:09:19,390 - INFO - Cosine Similarity: -0.1703047089278698, Variance: 5.163027286529541
2024-12-26 23:09:19,390 - INFO - Distillation Epoch: 2
2024-12-26 23:09:21,476 - INFO - Epoch: 2 | Train Loss: 0.6801184445619584 | CE Loss: 0.7599868893623352 | Distill Loss: 6.593241286277771
2024-12-26 23:09:21,517 - INFO - Cosine Similarity: -0.05621342957019806, Variance: 9.527963638305664
2024-12-26 23:09:21,517 - INFO - Distillation Epoch: 3
2024-12-26 23:09:23,600 - INFO - Epoch: 3 | Train Loss: 0.676067054271698 | CE Loss: 0.7448477745056152 | Distill Loss: 6.582241415977478
2024-12-26 23:09:23,627 - INFO - Cosine Similarity: -0.020504477620124816, Variance: 14.204986572265625
2024-12-26 23:09:23,627 - INFO - Distillation Epoch: 4
2024-12-26 23:09:25,717 - INFO - Epoch: 4 | Train Loss: 0.6755840331315994 | CE Loss: 0.7436404198408126 | Distill Loss: 6.57808907032013
2024-12-26 23:09:25,739 - INFO - Cosine Similarity: 0.010435768961906433, Variance: 18.935232162475586
2024-12-26 23:09:25,739 - INFO - Distillation Epoch: 5
2024-12-26 23:09:27,832 - INFO - Epoch: 5 | Train Loss: 0.6751173704862594 | CE Loss: 0.7407852470874786 | Distill Loss: 6.578744578361511
2024-12-26 23:09:27,872 - INFO - Cosine Similarity: -0.00941675566136837, Variance: 23.696674346923828
2024-12-26 23:09:27,873 - INFO - Distillation Epoch: 6
2024-12-26 23:09:29,953 - INFO - Epoch: 6 | Train Loss: 0.6747009456157684 | CE Loss: 0.7336615324020386 | Distill Loss: 6.59171142578125
2024-12-26 23:09:29,986 - INFO - Cosine Similarity: -0.055905146151781084, Variance: 28.48258399963379
2024-12-26 23:09:29,986 - INFO - Distillation Epoch: 7
2024-12-26 23:09:32,064 - INFO - Epoch: 7 | Train Loss: 0.6744749993085861 | CE Loss: 0.7341152787208557 | Distill Loss: 6.588141632080078
2024-12-26 23:09:32,093 - INFO - Cosine Similarity: -0.027589574456214905, Variance: 33.272178649902344
2024-12-26 23:09:32,093 - INFO - Distillation Epoch: 8
2024-12-26 23:09:34,179 - INFO - Epoch: 8 | Train Loss: 0.6736659973859787 | CE Loss: 0.727915808558464 | Distill Loss: 6.5937741041183475
2024-12-26 23:09:34,219 - INFO - Cosine Similarity: 0.02691367343068123, Variance: 38.03153610229492
2024-12-26 23:09:34,219 - INFO - Distillation Epoch: 9
2024-12-26 23:09:36,305 - INFO - Epoch: 9 | Train Loss: 0.671916538476944 | CE Loss: 0.7231232762336731 | Distill Loss: 6.583413672447205
2024-12-26 23:09:36,352 - INFO - Cosine Similarity: 0.012750200927257538, Variance: 42.807106018066406
2024-12-26 23:09:36,352 - INFO - Distillation Epoch: 10
2024-12-26 23:09:38,432 - INFO - Epoch: 10 | Train Loss: 0.673048996925354 | CE Loss: 0.7213693022727966 | Distill Loss: 6.602759766578674
2024-12-26 23:09:38,478 - INFO - Cosine Similarity: -0.05130808874964714, Variance: 47.60497283935547
2024-12-26 23:10:57,043 - INFO - Distillation Epoch: 1
2024-12-26 23:10:59,152 - INFO - Epoch: 1 | Train Loss: 0.6820788562297821 | CE Loss: 0.8496937066316604 | Distill Loss: 6.383134031295777
2024-12-26 23:10:59,183 - INFO - Cosine Similarity: 0.13777691945433618, Variance: 4.977849960327148
2024-12-26 23:10:59,183 - INFO - Distillation Epoch: 2
2024-12-26 23:11:01,274 - INFO - Epoch: 2 | Train Loss: 0.6625997364521027 | CE Loss: 0.8058502048254013 | Distill Loss: 6.24931263923645
2024-12-26 23:11:01,316 - INFO - Cosine Similarity: -0.11198585513047873, Variance: 9.478459358215332
2024-12-26 23:11:01,316 - INFO - Distillation Epoch: 3
2024-12-26 23:11:03,429 - INFO - Epoch: 3 | Train Loss: 0.6582153081893921 | CE Loss: 0.7869870662689209 | Distill Loss: 6.241259002685547
2024-12-26 23:11:03,460 - INFO - Cosine Similarity: -0.07557103633880616, Variance: 14.080345153808594
2024-12-26 23:11:03,460 - INFO - Distillation Epoch: 4
2024-12-26 23:11:05,539 - INFO - Epoch: 4 | Train Loss: 0.6556282013654708 | CE Loss: 0.7739287316799164 | Distill Loss: 6.241910982131958
2024-12-26 23:11:05,571 - INFO - Cosine Similarity: -0.007106601446866989, Variance: 18.73834800720215
2024-12-26 23:11:05,571 - INFO - Distillation Epoch: 5
2024-12-26 23:11:07,677 - INFO - Epoch: 5 | Train Loss: 0.6548656761646271 | CE Loss: 0.7664470940828323 | Distill Loss: 6.251077675819397
2024-12-26 23:11:07,708 - INFO - Cosine Similarity: -0.03637433294206858, Variance: 23.50226402282715
2024-12-26 23:11:07,708 - INFO - Distillation Epoch: 6
2024-12-26 23:11:09,830 - INFO - Epoch: 6 | Train Loss: 0.653451281785965 | CE Loss: 0.7575492203235626 | Distill Loss: 6.255815005302429
2024-12-26 23:11:09,861 - INFO - Cosine Similarity: -0.0512071892619133, Variance: 28.27154541015625
2024-12-26 23:11:09,861 - INFO - Distillation Epoch: 7
2024-12-26 23:11:11,964 - INFO - Epoch: 7 | Train Loss: 0.6535220354795456 | CE Loss: 0.7523812890052796 | Distill Loss: 6.269294953346252
2024-12-26 23:11:12,001 - INFO - Cosine Similarity: 0.005403810553252697, Variance: 32.99329376220703
2024-12-26 23:11:12,001 - INFO - Distillation Epoch: 8
2024-12-26 23:11:14,081 - INFO - Epoch: 8 | Train Loss: 0.6524669647216796 | CE Loss: 0.744827875494957 | Distill Loss: 6.275424933433532
2024-12-26 23:11:14,129 - INFO - Cosine Similarity: 0.016546009574085474, Variance: 37.74456024169922
2024-12-26 23:11:14,129 - INFO - Distillation Epoch: 9
2024-12-26 23:11:16,210 - INFO - Epoch: 9 | Train Loss: 0.6525740414857865 | CE Loss: 0.742819407582283 | Distill Loss: 6.28132746219635
2024-12-26 23:11:16,275 - INFO - Cosine Similarity: 0.0374597080051899, Variance: 42.513771057128906
2024-12-26 23:11:16,275 - INFO - Distillation Epoch: 10
2024-12-26 23:11:18,353 - INFO - Epoch: 10 | Train Loss: 0.6501431345939637 | CE Loss: 0.7264885574579238 | Distill Loss: 6.29239809513092
2024-12-26 23:11:18,417 - INFO - Cosine Similarity: 0.027123134955763815, Variance: 47.27751541137695
2024-12-26 23:12:36,266 - INFO - Distillation Epoch: 1
2024-12-26 23:12:38,360 - INFO - Epoch: 1 | Train Loss: 0.711851516366005 | CE Loss: 0.9103294730186462 | Distill Loss: 6.605914497375489
2024-12-26 23:12:38,422 - INFO - Cosine Similarity: 0.041075389832258224, Variance: 5.086660861968994
2024-12-26 23:12:38,422 - INFO - Distillation Epoch: 2
2024-12-26 23:12:40,501 - INFO - Epoch: 2 | Train Loss: 0.6912369221448899 | CE Loss: 0.8571316331624985 | Distill Loss: 6.480570387840271
2024-12-26 23:12:40,532 - INFO - Cosine Similarity: 0.03110925629734993, Variance: 9.514569282531738
2024-12-26 23:12:40,532 - INFO - Distillation Epoch: 3
2024-12-26 23:12:42,640 - INFO - Epoch: 3 | Train Loss: 0.6881373822689056 | CE Loss: 0.8439660608768463 | Distill Loss: 6.475772953033447
2024-12-26 23:12:42,672 - INFO - Cosine Similarity: -0.059306126274168494, Variance: 14.214927673339844
2024-12-26 23:12:42,672 - INFO - Distillation Epoch: 4
2024-12-26 23:12:44,810 - INFO - Epoch: 4 | Train Loss: 0.685075294971466 | CE Loss: 0.8354300260543823 | Distill Loss: 6.458211612701416
2024-12-26 23:12:44,852 - INFO - Cosine Similarity: -0.03014947057235986, Variance: 18.862451553344727
2024-12-26 23:12:44,852 - INFO - Distillation Epoch: 5
2024-12-26 23:12:47,011 - INFO - Epoch: 5 | Train Loss: 0.6842241764068604 | CE Loss: 0.8275360047817231 | Distill Loss: 6.467682671546936
2024-12-26 23:12:47,043 - INFO - Cosine Similarity: -0.0006746860221028328, Variance: 23.53000831604004
2024-12-26 23:12:47,043 - INFO - Distillation Epoch: 6
2024-12-26 23:12:49,206 - INFO - Epoch: 6 | Train Loss: 0.6834435522556305 | CE Loss: 0.8232788652181625 | Distill Loss: 6.4680094718933105
2024-12-26 23:12:49,227 - INFO - Cosine Similarity: -0.027434936538338662, Variance: 28.23529052734375
2024-12-26 23:12:49,227 - INFO - Distillation Epoch: 7
2024-12-26 23:12:51,320 - INFO - Epoch: 7 | Train Loss: 0.6824936538934707 | CE Loss: 0.81356560587883 | Distill Loss: 6.480786323547363
2024-12-26 23:12:51,352 - INFO - Cosine Similarity: -0.022262809239327906, Variance: 32.94710159301758
2024-12-26 23:12:51,352 - INFO - Distillation Epoch: 8
2024-12-26 23:12:53,462 - INFO - Epoch: 8 | Train Loss: 0.6822204440832138 | CE Loss: 0.8143300622701645 | Distill Loss: 6.47516086101532
2024-12-26 23:12:53,488 - INFO - Cosine Similarity: -0.003850606083869934, Variance: 37.654747009277344
2024-12-26 23:12:53,488 - INFO - Distillation Epoch: 9
2024-12-26 23:12:55,595 - INFO - Epoch: 9 | Train Loss: 0.6829691499471664 | CE Loss: 0.8148881405591964 | Distill Loss: 6.482832574844361
2024-12-26 23:12:55,634 - INFO - Cosine Similarity: 0.09015597850084305, Variance: 42.31783676147461
2024-12-26 23:12:55,636 - INFO - Distillation Epoch: 10
2024-12-26 23:12:57,781 - INFO - Epoch: 10 | Train Loss: 0.6812942832708359 | CE Loss: 0.8050730109214783 | Distill Loss: 6.487063384056091
2024-12-26 23:12:57,812 - INFO - Cosine Similarity: -0.01799864713102579, Variance: 47.09028244018555
2024-12-26 23:14:15,067 - INFO - Distillation Epoch: 1
2024-12-26 23:14:17,161 - INFO - Epoch: 1 | Train Loss: 0.6811091929674149 | CE Loss: 0.9506994724273682 | Distill Loss: 6.129253363609314
2024-12-26 23:14:17,193 - INFO - Cosine Similarity: 0.06131711006164551, Variance: 4.785496711730957
2024-12-26 23:14:17,193 - INFO - Distillation Epoch: 2
2024-12-26 23:14:19,273 - INFO - Epoch: 2 | Train Loss: 0.6636042952537536 | CE Loss: 0.9003724932670594 | Distill Loss: 6.03645555973053
2024-12-26 23:14:19,315 - INFO - Cosine Similarity: -0.011128007899969816, Variance: 8.88772964477539
2024-12-26 23:14:19,315 - INFO - Distillation Epoch: 3
2024-12-26 23:14:21,401 - INFO - Epoch: 3 | Train Loss: 0.6593115478754044 | CE Loss: 0.8874893456697464 | Distill Loss: 6.014923715591431
2024-12-26 23:14:21,432 - INFO - Cosine Similarity: 0.011457341816276312, Variance: 13.29893970489502
2024-12-26 23:14:21,432 - INFO - Distillation Epoch: 4
2024-12-26 23:14:23,513 - INFO - Epoch: 4 | Train Loss: 0.6558651626110077 | CE Loss: 0.866072827577591 | Distill Loss: 6.025103974342346
2024-12-26 23:14:23,545 - INFO - Cosine Similarity: 0.004748592711985111, Variance: 17.710800170898438
2024-12-26 23:14:23,545 - INFO - Distillation Epoch: 5
2024-12-26 23:14:25,642 - INFO - Epoch: 5 | Train Loss: 0.6534091651439666 | CE Loss: 0.856203344464302 | Distill Loss: 6.019203495979309
2024-12-26 23:14:25,674 - INFO - Cosine Similarity: -0.007494987174868584, Variance: 22.16057586669922
2024-12-26 23:14:25,674 - INFO - Distillation Epoch: 6
2024-12-26 23:14:27,769 - INFO - Epoch: 6 | Train Loss: 0.653297147154808 | CE Loss: 0.8461480528116226 | Distill Loss: 6.042584419250488
2024-12-26 23:14:27,801 - INFO - Cosine Similarity: -0.0025390230119228365, Variance: 26.641979217529297
2024-12-26 23:14:27,801 - INFO - Distillation Epoch: 7
2024-12-26 23:14:29,897 - INFO - Epoch: 7 | Train Loss: 0.6528632342815399 | CE Loss: 0.8407828837633133 | Distill Loss: 6.050851559638977
2024-12-26 23:14:29,928 - INFO - Cosine Similarity: -0.00045702271163463595, Variance: 31.110591888427734
2024-12-26 23:14:29,928 - INFO - Distillation Epoch: 8
2024-12-26 23:14:32,015 - INFO - Epoch: 8 | Train Loss: 0.6509021103382111 | CE Loss: 0.8310159206390381 | Distill Loss: 6.0513753414154055
2024-12-26 23:14:32,038 - INFO - Cosine Similarity: -0.00977250188589096, Variance: 35.60883331298828
2024-12-26 23:14:32,038 - INFO - Distillation Epoch: 9
2024-12-26 23:14:34,126 - INFO - Epoch: 9 | Train Loss: 0.6500157564878464 | CE Loss: 0.8264529019594192 | Distill Loss: 6.050929403305053
2024-12-26 23:14:34,165 - INFO - Cosine Similarity: 0.0034362446516752244, Variance: 40.093101501464844
2024-12-26 23:14:34,165 - INFO - Distillation Epoch: 10
2024-12-26 23:14:36,249 - INFO - Epoch: 10 | Train Loss: 0.6510604172945023 | CE Loss: 0.8263087809085846 | Distill Loss: 6.064585161209107
2024-12-26 23:14:36,275 - INFO - Cosine Similarity: 0.021246040239930153, Variance: 44.59288024902344
2024-12-26 23:15:55,388 - INFO - Distillation Epoch: 1
2024-12-26 23:15:57,469 - INFO - Epoch: 1 | Train Loss: 0.6804800808429718 | CE Loss: 0.8853212773799897 | Distill Loss: 6.288721585273743
2024-12-26 23:15:57,511 - INFO - Cosine Similarity: 0.04620526991784572, Variance: 5.051346778869629
2024-12-26 23:15:57,511 - INFO - Distillation Epoch: 2
2024-12-26 23:15:59,577 - INFO - Epoch: 2 | Train Loss: 0.6597906976938248 | CE Loss: 0.8395580857992172 | Distill Loss: 6.145177030563355
2024-12-26 23:15:59,609 - INFO - Cosine Similarity: 0.0003596611320972443, Variance: 9.588454246520996
2024-12-26 23:15:59,609 - INFO - Distillation Epoch: 3
2024-12-26 23:16:01,687 - INFO - Epoch: 3 | Train Loss: 0.655736181139946 | CE Loss: 0.8260059416294098 | Distill Loss: 6.128091359138489
2024-12-26 23:16:01,719 - INFO - Cosine Similarity: 0.012306216731667518, Variance: 14.373127937316895
2024-12-26 23:16:01,719 - INFO - Distillation Epoch: 4
2024-12-26 23:16:03,800 - INFO - Epoch: 4 | Train Loss: 0.6542721360921859 | CE Loss: 0.818510901927948 | Distill Loss: 6.127710008621216
2024-12-26 23:16:03,831 - INFO - Cosine Similarity: 0.0070331677794456485, Variance: 19.242923736572266
2024-12-26 23:16:03,831 - INFO - Distillation Epoch: 5
2024-12-26 23:16:05,911 - INFO - Epoch: 5 | Train Loss: 0.6532725125551224 | CE Loss: 0.8027440935373307 | Distill Loss: 6.1552409648895265
2024-12-26 23:16:05,941 - INFO - Cosine Similarity: 0.021009279787540434, Variance: 24.089725494384766
2024-12-26 23:16:05,941 - INFO - Distillation Epoch: 6
2024-12-26 23:16:08,035 - INFO - Epoch: 6 | Train Loss: 0.6512376934289932 | CE Loss: 0.7960160732269287 | Distill Loss: 6.146515941619873
2024-12-26 23:16:08,067 - INFO - Cosine Similarity: -0.012065188586711883, Variance: 28.993377685546875
2024-12-26 23:16:08,067 - INFO - Distillation Epoch: 7
2024-12-26 23:16:10,159 - INFO - Epoch: 7 | Train Loss: 0.6505292087793351 | CE Loss: 0.7889554142951966 | Distill Loss: 6.154842686653137
2024-12-26 23:16:10,194 - INFO - Cosine Similarity: -0.01766899973154068, Variance: 33.89359664916992
2024-12-26 23:16:10,194 - INFO - Distillation Epoch: 8
2024-12-26 23:16:12,290 - INFO - Epoch: 8 | Train Loss: 0.6503589928150177 | CE Loss: 0.7891262412071228 | Distill Loss: 6.152394795417786
2024-12-26 23:16:12,317 - INFO - Cosine Similarity: 0.006695121619850397, Variance: 38.795204162597656
2024-12-26 23:16:12,317 - INFO - Distillation Epoch: 9
2024-12-26 23:16:14,412 - INFO - Epoch: 9 | Train Loss: 0.6492527961730957 | CE Loss: 0.7774189352989197 | Distill Loss: 6.168521976470947
2024-12-26 23:16:14,459 - INFO - Cosine Similarity: -0.014367560669779778, Variance: 43.70854568481445
2024-12-26 23:16:14,459 - INFO - Distillation Epoch: 10
2024-12-26 23:16:16,540 - INFO - Epoch: 10 | Train Loss: 0.6502463072538376 | CE Loss: 0.7813174247741699 | Distill Loss: 6.170269179344177
2024-12-26 23:16:16,572 - INFO - Cosine Similarity: -0.00015630200505256653, Variance: 48.601661682128906
